// Jest Snapshot v1, https://goo.gl/fbAQLP

exports[`SlideToggle matches the snapshot 1`] = `ShallowWrapper {}`;

exports[`SlideToggle styles matches the snapshot 1`] = `
Object {
  "checked": Object {
    "& $icon": Object {
      "background": "url(data:image/svg+xml;base64,PHN2ZyB2ZXJzaW9uPSIxLjEiIHhtbG5zPSJodHRwOi8vd3d3LnczLm9yZy8yMDAwL3N2ZyIgeG1sbnM6eGxpbms9Imh0dHA6Ly93d3cudzMub3JnLzE5OTkveGxpbmsiIHg9IjBweCIgeT0iMHB4IgoJCQkgdmlld0JveD0iMCAwIDI0IDI0IiBzdHlsZT0iZW5hYmxlLWJhY2tncm91bmQ6bmV3IDAgMCAyNCAyNDsiIHhtbDpzcGFjZT0icHJlc2VydmUiPgoJCTxwYXRoIGZpbGw9IiMwODNjYWUiIGQ9Ik0xOC4zLDcuM2wxLjQsMS40bC04LjcsOWMtMC40LDAuNC0xLDAuNC0xLjQsMC4xbC00LjMtMy42bDEuMy0xLjVsMy42LDNDMTAuMiwxNS42LDE4LjMsNy4zLDE4LjMsNy4zeiIvPgoJCTwvc3ZnPg==)",
    },
    "& $slider": Object {
      "left": 16,
    },
    "background": "#083cae",
  },
  "cont": Object {
    "alignItems": "start",
    "boxSizing": "border-box",
    "cursor": "pointer",
    "display": "flex",
    "outline": 0,
    "paddingBottom": 8,
    "paddingTop": 8,
  },
  "disabled": Object {
    "opacity": 0.4,
    "pointerEvents": "none",
  },
  "icon": Object {
    "background": "url(data:image/svg+xml;base64,PHN2ZyB2ZXJzaW9uPSIxLjEiIHhtbG5zPSJodHRwOi8vd3d3LnczLm9yZy8yMDAwL3N2ZyIgeG1sbnM6eGxpbms9Imh0dHA6Ly93d3cudzMub3JnLzE5OTkveGxpbmsiIHg9IjBweCIgeT0iMHB4IgogICAgICAgIAkgdmlld0JveD0iMCAwIDI0IDI0IiBzdHlsZT0iZW5hYmxlLWJhY2tncm91bmQ6bmV3IDAgMCAyNCAyNDsiIHhtbDpzcGFjZT0icHJlc2VydmUiPgogICAgICAgIDxwYXRoIGZpbGw9IiNhYWFhYWEiIGQ9Ik0xMi4xLDEwLjhsNC42LTQuNkwxOCw3LjRMMTMuNCwxMmw0LjYsNC42TDE2LjcsMThsLTQuNi00LjZMNy40LDE4bC0xLjMtMS4zbDQuNi00LjZMNi4yLDcuNGwxLjMtMS4zTDEyLjEsMTAuOHoiLz4KICAgICAgICA8L3N2Zz4=)",
    "display": "block",
    "height": "100%",
    "transition": "0.3s all",
    "width": "100%",
  },
  "label": Object {
    "marginLeft": 8,
  },
  "slider": Object {
    "background": "#ffffff",
    "borderRadius": "50%",
    "cursor": "pointer",
    "height": 20,
    "left": 2,
    "position": "absolute",
    "top": 2,
    "transition": "0.3s all",
    "width": 20,
  },
  "switch": Object {
    "background": "#dddddd",
    "borderRadius": 34,
    "display": "inline-block",
    "height": 24,
    "position": "relative",
    "transition": "0.3s all",
    "width": 38,
  },
}
`;

exports[`SlideToggleJSS matches the snapshot 1`] = `ShallowWrapper {}`;
