// Jest Snapshot v1, https://goo.gl/fbAQLP

exports[`SlideToggle matches the snapshot 1`] = `ShallowWrapper {}`;

exports[`SlideToggle styles matches the snapshot 1`] = `
Object {
  "checked": Object {
    "& $slider": Object {
      "left": "calc(100% - 28px)",
    },
    "& $switchBg": Object {
      "background": "#0059CD",
    },
  },
  "cont": Object {
    "&:active $switch $switchBg": Object {
      "boxShadow": "inset 0 0 0 2px rgba(255,255,255,0.2)",
    },
    "&:focus-visible $switch": Object {
      "boxShadow": "0 0 0 8px rgba(8, 60, 174, 0.3)",
    },
    "&:focus-visible $switch$checked": Object {
      "boxShadow": "0 0 0 8px rgba(0,110,255,0.3)",
    },
    "&:hover $switch $switchBg, &:active $switch $switchBg": Object {
      "background": "#CAD5EE",
    },
    "&:hover $switch$checked $switchBg, &:active $switch$checked $switchBg": Object {
      "background": "#083CAE",
    },
    "alignItems": "flex-start",
    "boxSizing": "border-box",
    "cursor": "pointer",
    "display": "flex",
    "outline": 0,
  },
  "disabled": Object {
    "& $switch $switchBg": Object {
      "background": "#EDEDF1",
      "boxShadow": "inset 0 0 0 1px #D3D4DC",
    },
    "pointerEvents": "none",
  },
  "icon": Object {
    "margin": 4,
  },
  "label": Object {
    "cursor": "pointer",
    "marginLeft": "12px",
  },
  "labelWrap": Object {
    "alignItems": "center",
    "display": "flex",
    "minHeight": 48,
    "overflow": "hidden",
    "paddingBottom": "4px",
    "paddingTop": "4px",
  },
  "slider": Object {
    "background": "#fff",
    "borderRadius": "50%",
    "height": 24,
    "left": 4,
    "position": "absolute",
    "top": "50%",
    "transform": "translateY(-50%)",
    "transition": "all cubic-bezier(0.25,0.46,0.45,0.94) 0.2s",
    "width": 24,
  },
  "switch": Object {
    "borderRadius": "9999px",
    "display": "inline-block",
    "flexShrink": 0,
    "height": 32,
    "position": "relative",
    "transition": "all cubic-bezier(0.25,0.46,0.45,0.94) 0.2s",
    "width": 52,
  },
  "switchBg": Object {
    "background": "#E9EEF8",
    "borderRadius": "9999px",
    "boxShadow": "inset 0 0 0 1px rgba(255,255,255,0.2)",
    "height": 32,
    "transition": "all cubic-bezier(0.25,0.46,0.45,0.94) 0.2s",
    "width": 52,
  },
  "switchWrap": Object {
    "alignItems": "center",
    "display": "flex",
    "flexShrink": 0,
    "height": 48,
    "width": 52,
  },
}
`;

exports[`SlideToggleJSS matches the snapshot 1`] = `ShallowWrapper {}`;
