// Jest Snapshot v1, https://goo.gl/fbAQLP

exports[`Nav matches the snapshot 1`] = `ShallowWrapper {}`;

exports[`Nav styles matches the snapshot 1`] = `
Object {
  "@media (max-width: 767px)": Object {
    "activeItem": Object {
      "& $icon": Object {
        "marginBottom": "14px",
      },
      "& $listAnchor": Object {
        "display": "none",
      },
      "&:after": Object {
        "background": "#06f7fa",
        "borderRadius": "50%",
        "bottom": "0",
        "content": "\\"\\"",
        "display": "block",
        "height": "4px",
        "left": "50%",
        "marginBottom": "8px",
        "position": "absolute",
        "transform": "translateX(-50%)",
        "width": "4px",
      },
    },
    "icon": Object {},
    "listAnchor": Object {},
    "listItem": Object {
      "&:last-child": Object {
        "marginRight": "0",
      },
      "margin": "0 25px 0 0",
    },
    "menu": Object {
      "clear": "both",
      "margin": "0",
      "textAlign": "center",
    },
  },
  "@media (min-width: 768px)": Object {
    "listItem": Object {
      "float": "left",
    },
    "menu": Object {
      "float": "left",
    },
  },
  "activeItem": Object {
    "& $icon, &:hover $icon": Object {
      "filter": "brightness(1)",
    },
    "& $listAnchor, &:hover $listAnchor": Object {
      "color": "#ffffff",
    },
  },
  "icon": Object {
    "backgroundPosition": "center center",
    "backgroundRepeat": "no-repeat",
  },
  "listAnchor": Object {
    "color": "#104791",
    "display": "block",
    "lineHeight": "20px",
    "marginBottom": "2px",
    "marginTop": "-4px",
    "padding": "0",
    "position": "relative",
    "textAlign": "center",
    "textDecoration": "none !important",
    "transition": "0.3s all",
  },
  "listItem": Object {
    "&:hover $icon": Object {
      "filter": "brightness(0.8)",
    },
    "&:hover $listAnchor": Object {
      "color": "#224099",
    },
    "cursor": "pointer",
    "display": "inline-block",
    "fontSize": "12px",
    "margin": "7px 30px 0 0",
    "padding": "5px 0 0 0",
    "position": "relative",
    "textAlign": "center",
    "width": "auto",
  },
  "menu": Object {
    "background": "#1476fb",
    "listStyle": "none",
    "margin": "0 10px",
    "paddingLeft": "0",
    "textAlign": "center",
  },
}
`;

exports[`NavJSS matches the snapshot 1`] = `ShallowWrapper {}`;
