// Jest Snapshot v1, https://goo.gl/fbAQLP

exports[`Radio matches the snapshot 1`] = `ShallowWrapper {}`;

exports[`Radio styles matches the snapshot 1`] = `
Object {
  "active": Object {
    "& $radio:after": Object {
      "background": Array [
        "#083cae",
        "!important",
      ],
    },
  },
  "cont": Object {
    "&:after": Object {
      "clear": "both",
      "content": "\\"\\"",
      "display": "table",
    },
    "&:hover $radio:after": Object {
      "background": "#dddddd",
    },
    "alignItems": "start",
    "boxSizing": "border-box",
    "cursor": "pointer",
    "display": "flex",
    "outline": "0",
    "paddingBottom": 8,
    "paddingTop": 8,
  },
  "disabled": Object {
    "opacity": 0.4,
    "pointerEvents": "none",
  },
  "label": Object {
    "cursor": "pointer",
    "flex": "1",
    "float": "left",
    "marginLeft": 8,
  },
  "overflow": Object {
    "overflow": "hidden",
    "textOverflow": "ellipsis",
    "whiteSpace": "nowrap",
  },
  "radio": Object {
    "&:after": Object {
      "background": "transparent",
      "borderRadius": "50%",
      "content": "\\"\\"",
      "height": 6,
      "left": "50%",
      "position": "absolute",
      "top": "50%",
      "transform": "translate(-50%, -50%)",
      "transition": "0.3s all",
      "width": 6,
    },
    "&:before": Object {
      "background": "#ffffff",
      "border": "1px solid #dddddd",
      "borderRadius": "50%",
      "content": "\\"\\"",
      "height": 16,
      "left": "50%",
      "position": "absolute",
      "top": "50%",
      "transform": "translate(-50%, -50%)",
      "width": 16,
    },
    "height": 24,
    "position": "relative",
    "width": 24,
  },
  "right": Object {
    "float": "right",
    "marginLeft": 8,
  },
}
`;

exports[`RadioJSS matches the snapshot 1`] = `ShallowWrapper {}`;
