// Jest Snapshot v1, https://goo.gl/fbAQLP

exports[`Radio matches the snapshot 1`] = `ShallowWrapper {}`;

exports[`Radio styles matches the snapshot 1`] = `
Object {
  "active": Object {
    "& $radio": Object {
      "& $radioInner": Object {
        "background": "#0059CD",
      },
      "& $radioOuter": Object {
        "boxShadow": "inset 0 0 0 2px #0059CD",
      },
    },
  },
  "alignLeft": Object {
    "flex": "none",
  },
  "cont": Object {
    "&$active": Object {
      "&:active": Object {
        "& $radio $radioInner": Object {
          "background": "#083CAE",
        },
        "& $radio $radioOuter": Object {
          "boxShadow": "inset 0 0 0 3px #0047A5 !important",
        },
      },
      "&:hover": Object {
        "& $radio $radioInner": Object {
          "background": "#083CAE",
        },
        "& $radio $radioOuter": Object {
          "boxShadow": "inset 0 0 0 2px #0047A5",
        },
      },
    },
    "&:active $radio $radioOuter": Object {
      "boxShadow": "inset 0 0 0 2px #6C6F89",
    },
    "&:focus-visible $radio": Object {
      "boxShadow": "0 0 0 8px rgba(0,110,255,0.3)",
    },
    "&:hover $radio $radioOuter": Object {
      "boxShadow": "inset 0 0 0 1px #6C6F89",
    },
    "alignItems": "flex-start",
    "boxSizing": "border-box",
    "cursor": "pointer",
    "display": "flex",
    "outline": "0",
  },
  "disabled": Object {
    "& $radio $radioInner": Object {
      "background": "#EDEDF1",
    },
    "& $radio $radioOuter": Object {
      "background": "#EDEDF1",
    },
    "&$active": Object {
      "& $radio $radioInner": Object {
        "background": "#8DA5DA",
      },
      "& $radio $radioOuter": Object {
        "boxShadow": "inset 0 0 0 2px #8DA5DA",
      },
    },
    "pointerEvents": "none",
  },
  "label": Object {
    "cursor": "pointer",
    "flex": 1,
    "marginLeft": "12px",
    "pointerEvents": "none",
  },
  "labelWrap": Object {
    "alignItems": "center",
    "display": "flex",
    "flex": 1,
    "minHeight": 48,
    "overflow": "hidden",
    "paddingBottom": 4,
    "paddingTop": 4,
  },
  "overflow": Object {
    "overflow": "hidden",
    "textOverflow": "ellipsis",
    "whiteSpace": "nowrap",
  },
  "radio": Object {
    "alignItems": "center",
    "borderRadius": "9999px",
    "display": "grid",
    "height": 20,
    "justifyContent": "center",
    "transition": "all cubic-bezier(0.25,0.46,0.45,0.94) 0.2s",
    "width": 20,
  },
  "radioInner": Object {
    "background": "#fff",
    "borderRadius": "9999px",
    "gridColumnStart": 1,
    "gridRowStart": 1,
    "height": 10,
    "margin": 5,
    "transition": "all cubic-bezier(0.25,0.46,0.45,0.94) 0.2s",
    "width": 10,
  },
  "radioOuter": Object {
    "background": "#fff",
    "borderRadius": "9999px",
    "boxShadow": "inset 0 0 0 1px #D3D4DC",
    "gridColumnStart": 1,
    "gridRowStart": 1,
    "height": 20,
    "transition": "all cubic-bezier(0.25,0.46,0.45,0.94) 0.2s",
    "width": 20,
  },
  "radioWrap": Object {
    "alignItems": "center",
    "display": "flex",
    "flexShrink": 0,
    "height": 48,
    "justifyContent": "center",
    "width": 52,
  },
  "right": Object {
    "marginLeft": "8px",
    "pointerEvents": "none",
  },
  "tag": Object {
    "marginLeft": "8px",
    "pointerEvents": "none",
  },
}
`;

exports[`RadioJSS matches the snapshot 1`] = `ShallowWrapper {}`;
