// Jest Snapshot v1, https://goo.gl/fbAQLP

exports[`ModalPortal matches the snapshot 1`] = `ShallowWrapper {}`;

exports[`NavAside matches the snapshot 1`] = `ShallowWrapper {}`;

exports[`NavAside styles matches the snapshot 1`] = `
Object {
  "@global": Object {
    "body": Object {
      "overflow": "hidden",
    },
  },
  "@keyframes overlayFadeIn": Object {
    "from": Object {
      "opacity": 0,
    },
    "to": Object {
      "opacity": 1,
    },
  },
  "@keyframes showFromLeft": Object {
    "from": Object {
      "left": -320,
    },
    "to": Object {
      "left": 0,
    },
  },
  "@keyframes showFromRight": Object {
    "from": Object {
      "right": -320,
    },
    "to": Object {
      "right": 0,
    },
  },
  "block": Object {
    "backgroundColor": "#fff",
    "height": "100%",
    "maxWidth": "calc(100% - 32px)",
    "overflow": "hidden",
    "position": "fixed",
    "top": 0,
    "transition": "0.3s left, 0.3s right",
    "width": 320,
  },
  "card": Object {
    "cursor": "auto",
    "height": "100%",
    "overflow": "auto",
    "padding": 0,
  },
  "closeIcon": Object {
    "alignItems": "center",
    "display": "flex",
    "height": "32px",
  },
  "content": Object {
    "@media screen and (min-width:768px)": Object {
      "padding": "32px",
    },
    "backgroundColor": "#fff",
    "padding": "16px",
  },
  "hideLeft": Object {
    "left": -320,
  },
  "hideRight": Object {
    "right": -320,
  },
  "overlay": Object {
    "background": "rgba(0,0,0,0.8)",
    "cursor": "pointer",
    "height": "100%",
    "left": 0,
    "position": "fixed",
    "top": 0,
    "transition": "0.3s opacity",
    "width": "100%",
    "zIndex": 1000,
  },
  "overlayHide": Object {
    "opacity": 0,
  },
  "overlayShow": Object {
    "animation": "0.3s overlayFadeIn linear",
  },
  "showLeft": Object {
    "animation": "0.3s showFromLeft ease-out",
    "left": 0,
  },
  "showRight": Object {
    "animation": "0.3s showFromRight ease-out",
    "right": 0,
  },
  "top": Object {
    "@media screen and (min-width:768px)": Object {
      "padding": "32px",
    },
    "backgroundColor": "#F8FAFD",
    "padding": "16px",
  },
  "topContent": Object {
    "minWidth": 0,
  },
}
`;
