// Jest Snapshot v1, https://goo.gl/fbAQLP

exports[`ModalPortal matches the snapshot 1`] = `ShallowWrapper {}`;

exports[`NavAside matches the snapshot 1`] = `ShallowWrapper {}`;

exports[`NavAside styles matches the snapshot 1`] = `
Object {
  "@global": Object {
    "body": Object {
      "overflow": "hidden",
    },
  },
  "@keyframes asideShow": Object {
    "from": Object {
      "left": [Function],
    },
    "to": Object {
      "left": "0px",
    },
  },
  "@keyframes asideShowRight": Object {
    "from": Object {
      "right": [Function],
    },
    "to": Object {
      "right": "0px",
    },
  },
  "@keyframes overlayFadeIn": Object {
    "from": Object {
      "opacity": 0,
    },
    "to": Object {
      "opacity": 1,
    },
  },
  "OpenElement": Object {
    "animation": "0.3s asideShow ease-out",
    "left": "0px !important",
  },
  "OpenElementRight": Object {
    "animation": "0.3s asideShowRight ease-out",
    "right": "0px !important",
  },
  "ShowElement": Object {
    "backgroundColor": "#ffffff",
    "height": "100%",
    "left": "-320px",
    "maxWidth": "calc(100% - 32px)",
    "opacity": "1 !important",
    "overflow": "hidden",
    "position": "fixed",
    "top": "0",
    "transition": "0.4s all",
    "width": "320px",
  },
  "card": Object {
    "cursor": "auto",
    "height": "100%",
    "overflow": "auto",
    "padding": 0,
  },
  "closeIcon": Object {
    "alignItems": "center",
    "display": "flex",
    "height": 32,
  },
  "content": Object {
    "@media screen and (min-width:768px)": Object {
      "padding": 32,
    },
    "backgroundColor": "#ffffff",
    "padding": 16,
  },
  "customeWidth": Object {
    "left": [Function],
    "width": [Function],
  },
  "customeWidthRight": Object {
    "right": [Function],
    "width": [Function],
  },
  "overlay": Object {
    "background": "rgba(0, 0, 5, 0.85)",
    "cursor": "pointer",
    "height": "100%",
    "left": 0,
    "opacity": 0,
    "position": "fixed",
    "top": 0,
    "transition": "0.3s opacity",
    "transitionDelay": "0.2s",
    "width": "100%",
    "zIndex": 1000,
  },
  "overlayShow": Object {
    "animation": "0.3s overlayFadeIn linear",
    "opacity": 1,
  },
  "showRight": Object {
    "left": "auto",
    "right": "-320px",
  },
  "top": Object {
    "@media screen and (min-width:768px)": Object {
      "padding": 32,
    },
    "backgroundColor": "#f5f5f8",
    "padding": 16,
  },
  "topContent": Object {
    "minWidth": 0,
  },
}
`;
