// Jest Snapshot v1, https://goo.gl/fbAQLP

exports[`Icon matches the snapshot 1`] = `ShallowWrapper {}`;

exports[`Icon styles matches the snapshot 1`] = `
Object {
  "click": Object {
    "cursor": "pointer",
  },
  "icon": Object {
    "border": "0",
    "boxSizing": "border-box",
    "display": [Function],
    "outline": "0",
  },
  "oldIcon": Object {
    "&:hover": Object {
      "background": [Function],
    },
    "background": [Function],
    "border": "0",
    "boxSizing": "border-box",
    "display": [Function],
    "height": [Function],
    "outline": "0",
    "transition": [Function],
    "width": [Function],
  },
}
`;

exports[`IconJSS matches the snapshot 1`] = `ShallowWrapper {}`;
