// Jest Snapshot v1, https://goo.gl/fbAQLP

exports[`RangeCounter matches the snapshot 1`] = `ShallowWrapper {}`;

exports[`RangeCounter styles matches the snapshot 1`] = `
Object {
  "cont": Object {
    "boxSizing": "border-box",
    "color": "#727272",
    "fontFamily": "'OccText', sans-serif",
    "fontSize": "15px",
    "lineHeight": "18px",
  },
  "num": Object {
    "color": "#222222",
  },
}
`;

exports[`RangeCounterJSS matches the snapshot 1`] = `ShallowWrapper {}`;
