// Jest Snapshot v1, https://goo.gl/fbAQLP

exports[`OrderBy matches the snapshot 1`] = `ShallowWrapper {}`;

exports[`OrderBy styles matches the snapshot 1`] = `
Object {
  "button": Object {
    "cursor": "pointer",
  },
  "card": Object {
    "@media screen and (min-width:768px)": Object {
      "padding": 24,
    },
    "padding": 16,
  },
  "cardWrap": Object {
    "marginTop": -16,
    "opacity": 0,
    "pointerEvents": "none",
    "position": "absolute",
    "right": 0,
    "top": "100%",
    "transition": "0.3s all",
    "zIndex": 1,
  },
  "icon": Object {
    "height": 14,
    "marginLeft": 4,
    "marginTop": 2,
    "width": 14,
  },
  "link": Object {
    "color": "#0946CB",
  },
  "option": Object {
    "&:not(:last-child)": Object {
      "paddingBottom": 8,
    },
    "cursor": "pointer",
    "whiteSpace": "nowrap",
  },
  "show": Object {
    "marginTop": 0,
    "opacity": 1,
    "pointerEvents": "auto",
  },
  "wrap": Object {
    "display": "inline-block",
    "position": "relative",
  },
}
`;

exports[`OrderByJSS matches the snapshot 1`] = `ShallowWrapper {}`;
