// Jest Snapshot v1, https://goo.gl/fbAQLP

exports[`Toaster launches a toast 1`] = `"<div class=\\"container\\"><div class=\\"Toast-toast-0-1-1 Toast-success-0-1-3\\"><div class=\\"Flexbox-flex-0-1-19 Flexbox-jbetween-0-1-31\\"><div class=\\"Flexbox-flex-0-1-19 Flexbox-acenter-0-1-36 Flexbox-scenter-0-1-48\\"><svg class=\\"Icon-icon-0-1-54 Icon-icon-0-1-51 undefined__check-circle Toast-icon-0-1-15\\" width=\\"24\\" height=\\"24\\" fill=\\"#38d373\\" style=\\"transition: 0.3s all;\\"><use xlink:href=\\"undefined#undefined__check-circle\\"></use></svg><div class=\\"Flexbox-flex-0-1-19 Flexbox-sstart-0-1-46 Toast-content-0-1-14\\" style=\\"flex: 1;\\"><div class=\\"Flexbox-flex-0-1-19 Flexbox-col-0-1-23\\"><p class=\\"Toast-title-0-1-12 Toast-textSuccess-0-1-9\\">Title</p></div></div></div></div></div></div>"`;

exports[`Toaster matches the snapshot 1`] = `"<div class=\\"container\\"></div>"`;
