// Jest Snapshot v1, https://goo.gl/fbAQLP

exports[`Toaster launches a toast 1`] = `"<div class=\\"container\\"><div class=\\"Toast-toast-0-2-2 undefined\\"><div class=\\"flex-0-2-13 Toast-content-0-2-8\\"><div class=\\"flex-0-2-13 acenter-0-2-30\\"><div class=\\"\\"><p class=\\"Text-text-0-2-45 Text-subheading-0-2-49 Text-white-0-2-62\\">Title</p></div></div></div></div></div>"`;

exports[`Toaster matches the snapshot 1`] = `"<div class=\\"container\\"></div>"`;
