// Jest Snapshot v1, https://goo.gl/fbAQLP

exports[`Row matches the snapshot 1`] = `ShallowWrapper {}`;

exports[`Row styles matches the snapshot 1`] = `
Object {
  "row": Object {
    "&:after": Object {
      "clear": "both",
    },
    "&:before, &:after": Object {
      "content": "\\"\\"",
      "display": "table",
    },
    "boxSizing": "border-box",
    "marginLeft": -12,
    "marginRight": -12,
  },
}
`;

exports[`RowJSS matches the snapshot 1`] = `ShallowWrapper {}`;
