// Jest Snapshot v1, https://goo.gl/fbAQLP

exports[`Tag matches the snapshot 1`] = `ShallowWrapper {}`;

exports[`Tag styles matches the snapshot 1`] = `
Object {
  "basic": Object {
    "background": "#ffffff",
    "color": "#222222",
  },
  "basicIcon": Object {
    "background": [Function],
  },
  "big": Object {
    "borderRadius": 32,
    "height": 40,
    "padding": Array [
      8,
      16,
    ],
  },
  "bigIcon": Object {
    "height": 18,
    "width": 18,
  },
  "bigTagText": Object {
    "fontSize": 17,
  },
  "default": Object {
    "background": "#f5f5f5",
    "color": "#222222",
  },
  "defaultIcon": Object {
    "background": [Function],
  },
  "error": Object {
    "background": "#fcebeb",
    "color": "#db3737",
  },
  "errorIcon": Object {
    "background": [Function],
  },
  "icon": Object {
    "backgroundRepeat": "no-repeat",
    "content": "\\"\\"",
    "display": "inline-block",
    "left": 0,
    "marginRight": 4,
    "paddingBottom": 0,
  },
  "info": Object {
    "backgroundColor": "#efebf7",
    "color": "#5736ab",
  },
  "infoIcon": Object {
    "background": [Function],
  },
  "link": Object {
    "background": "rgba(9, 70, 203, 0.1)",
    "color": "#0946CB",
  },
  "linkIcon": Object {
    "background": [Function],
  },
  "medium": Object {
    "height": 32,
    "padding": Array [
      5,
      12,
      7,
      12,
    ],
  },
  "mediumIcon": Object {
    "height": 18,
    "width": 18,
  },
  "mediumTagText": Object {
    "fontSize": 15,
  },
  "standard": Object {
    "height": 16,
    "padding": Array [
      1,
      8,
      3,
      8,
    ],
  },
  "standardIcon": Object {
    "height": 12,
    "width": 12,
  },
  "standardTagText": Object {
    "fontSize": 11,
  },
  "success": Object {
    "background": "#e6f5eb",
    "color": "#009537",
  },
  "successIcon": Object {
    "background": [Function],
  },
  "tag": Object {
    "borderRadius": 16,
    "boxSizing": "border-box",
    "display": "inline-block",
    "lineHeight": "12px",
    "overflow": "hidden",
    "position": "relative",
    "textAlign": "center",
  },
  "tagText": Object {
    "boxSizing": "border-box",
    "display": "inline-block",
    "fontFamily": "'HK Grotesk', sans-serif",
    "fontStretch": "normal",
    "fontStyle": "normal",
    "fontWeight": "600",
    "letterSpacing": "normal",
    "lineHeight": 1.4,
    "overflow": "hidden",
    "paddingRight": [Function],
    "position": "relative",
    "textAlign": "center",
  },
  "warning": Object {
    "background": "#fffaed",
    "color": "#e69000",
  },
  "warningIcon": Object {
    "background": [Function],
  },
}
`;

exports[`TagJSS matches the snapshot 1`] = `ShallowWrapper {}`;
