// Jest Snapshot v1, https://goo.gl/fbAQLP

exports[`Avatar matches the snapshot 1`] = `"<div class=\\"circle-0-2-1 circle-d0-0-2-2\\"><div class=\\"wrap-0-2-3\\"><div class=\\"cont-0-2-4 capital-0-2-7\\" style=\\"font-size: 28px; line-height: 70px;\\"><span>JD</span></div></div></div>"`;

exports[`Avatar matches the snapshot 2`] = `"<div class=\\"circle-0-2-1 circle-d0-0-2-2\\"><div class=\\"wrap-0-2-3\\"><div class=\\"cont-0-2-4 f-0-2-6\\"></div></div></div>"`;

exports[`Avatar matches the snapshot 3`] = `"<div class=\\"circle-0-2-1 circle-d0-0-2-2\\"><div class=\\"wrap-0-2-3\\"><div class=\\"cont-0-2-4\\"></div></div></div>"`;
