// Jest Snapshot v1, https://goo.gl/fbAQLP

exports[`Tip matches the snapshot 1`] = `ShallowWrapper {}`;

exports[`Tip styles matches the snapshot 1`] = `
Object {
  "container": Object {
    "alignItems": "center",
    "borderRadius": 6,
    "padding": 16,
  },
  "cta": Object {
    "cursor": "pointer",
    "textDecoration": "underline",
  },
  "error": Object {
    "backgroundColor": "#fcebeb",
  },
  "icon": Object {
    "marginRight": 8,
  },
  "info": Object {
    "backgroundColor": "#efebf7",
  },
  "noBorderRadius": Object {
    "borderRadius": 0,
  },
  "promote": Object {
    "backgroundColor": "#222222",
  },
  "spacedClose": Object {
    "marginRight": 48,
  },
  "success": Object {
    "backgroundColor": "#e6f5eb",
  },
  "text": Object {
    "maxWidth": "100%",
  },
  "textWithIcon": Object {
    "maxWidth": "calc(100% - 32px)",
  },
  "warning": Object {
    "backgroundColor": "#fffaed",
  },
}
`;

exports[`TipJSS matches the snapshot 1`] = `ShallowWrapper {}`;
