// Jest Snapshot v1, https://goo.gl/fbAQLP

exports[`Tip matches the snapshot 1`] = `ShallowWrapper {}`;

exports[`Tip styles matches the snapshot 1`] = `
Object {
  "closeIconMargin": Object {
    "marginLeft": "16px",
  },
  "closeIconSmallMargin": Object {
    "marginLeft": "12px",
  },
  "container": Object {
    "@media screen and (min-width:576px)": Object {
      "padding": Array [
        "8px",
        "16px",
      ],
    },
    "alignItems": "center",
    "borderRadius": "4px",
    "minHeight": "56px",
    "outlineOffset": "-1px",
    "padding": "12px",
  },
  "cta": Object {
    "&:hover": Object {
      "backgroundSize": "100%",
      "cursor": "pointer",
    },
    "alignSelf": "start",
    "backgroundSize": "0%",
    "cursor": "pointer",
    "font": "400 14px/1.5 'OccText', sans-serif",
    "margin": Array [
      "8px",
      0,
      0,
    ],
    "textDecoration": "underline",
    "textWrap": "nowrap",
    "transition": "all ease-out 150ms",
  },
  "ctaAlert": Object {
    "alignSelf": "center",
    "margin": Array [
      0,
      0,
      0,
      "16px",
    ],
  },
  "ctaBanner": Object {
    "alignSelf": "center",
    "margin": Array [
      0,
      0,
      0,
      "8px",
    ],
  },
  "error": Object {
    "backgroundColor": "#fce8e8",
    "outline": "1px solid #FBDFDF",
  },
  "growText": Object {
    "flexGrow": 1,
  },
  "icon": Object {
    "flexShrink": 0,
    "marginRight": "8px",
  },
  "info": Object {
    "backgroundColor": "#e3efff",
    "outline": "1px solid #b9d7ff",
  },
  "linkError": Object {
    "&:active": Object {
      "background": "linear-gradient(hsl(0 81.3% 51.8% / 0.2), hsl(0 81.3% 51.8% / 0.2))",
    },
    "background": "linear-gradient(hsl(0 81.3% 51.8% / 0.1), hsl(0 81.3% 51.8% / 0.1))",
    "backgroundRepeat": "no-repeat",
    "color": "#8b1313",
  },
  "linkInfo": Object {
    "&:active": Object {
      "background": "linear-gradient(hsl(221 91.2% 35.7% / 0.2), hsl(221 91.2% 35.7% / 0.2))",
    },
    "background": "linear-gradient(hsl(221 91.2% 35.7% / 0.1), hsl(221 91.2% 35.7% / 0.1))",
    "backgroundRepeat": "no-repeat",
    "color": "#083CAE",
  },
  "linkPromote": Object {
    "&:active": Object {
      "background": "linear-gradient(rgba(255,255,255,0.3), rgba(255,255,255,0.3))",
    },
    "background": "linear-gradient(rgba(255,255,255,0.2), rgba(255,255,255,0.2))",
    "backgroundRepeat": "no-repeat",
    "color": "#fff",
  },
  "linkSuccess": Object {
    "&:active": Object {
      "background": "linear-gradient(hsl(143 63.8% 52.4% / 0.2), hsl(143 63.8% 52.4% / 0.2))",
    },
    "background": "linear-gradient(hsl(143 63.8% 52.4% / 0.1), hsl(143 63.8% 52.4% / 0.1))",
    "backgroundRepeat": "no-repeat",
    "color": "#16542e",
  },
  "linkWarning": Object {
    "&:active": Object {
      "background": "linear-gradient(hsl(41.1 100% 57.1% / 0.2), hsl(41.1 100% 57.1% / 0.2))",
    },
    "background": "linear-gradient(hsl(41.1 100% 57.1% / 0.1), hsl(41.1 100% 57.1% / 0.1))",
    "backgroundRepeat": "no-repeat",
    "color": "#664a0e",
  },
  "maxWidth": Object {
    "margin": Array [
      0,
      "auto",
    ],
    "maxWidth": "1200px",
  },
  "noBorderRadius": Object {
    "borderRadius": 0,
  },
  "normalText": Object {
    "display": "inline-block",
    "font": "400 14px/1.5 'OccText', sans-serif",
    "margin": 0,
  },
  "promote": Object {
    "backgroundColor": "#000",
    "outline": "1px solid rgba(255,255,255,0.2)",
  },
  "success": Object {
    "backgroundColor": "#ebfbf1",
    "outline": "1px solid #d7f6e3",
  },
  "textContainer": Object {
    "alignSelf": "center",
    "flex": 1,
  },
  "textError": Object {
    "color": "#8b1313",
  },
  "textInfo": Object {
    "color": "#083CAE",
  },
  "textPromote": Object {
    "color": "#fff",
  },
  "textSuccess": Object {
    "color": "#16542e",
  },
  "textWarning": Object {
    "color": "#664a0e",
  },
  "warning": Object {
    "backgroundColor": "#fff8e9",
    "outline": "1px solid #fff1d3",
  },
}
`;

exports[`TipJSS matches the snapshot 1`] = `ShallowWrapper {}`;
