// Jest Snapshot v1, https://goo.gl/fbAQLP

exports[`Checkbox matches the snapshot 1`] = `ShallowWrapper {}`;

exports[`Checkbox styles matches the snapshot 1`] = `
Object {
  "active": Object {
    "& $check $box": Object {
      "background": "#0059CD",
      "boxShadow": "inset 0 0 0 1px rgba(255,255,255,0.2)",
    },
  },
  "alignLeft": Object {
    "flex": "none",
  },
  "box": Object {
    "background": "#fff",
    "borderRadius": "4px",
    "boxShadow": "inset 0 0 0 1px #D3D4DC",
    "gridColumnStart": 1,
    "gridRowStart": 1,
    "height": 20,
    "transition": "all cubic-bezier(0.25,0.46,0.45,0.94) 0.2s",
    "width": 20,
  },
  "check": Object {
    "alignItems": "center",
    "borderRadius": "4px",
    "display": "grid",
    "height": 20,
    "justifyContent": "center",
    "transition": "all cubic-bezier(0.25,0.46,0.45,0.94) 0.2s",
    "width": 20,
  },
  "checkWrap": Object {
    "alignItems": "center",
    "display": "flex",
    "flexShrink": 0,
    "height": 48,
    "justifyContent": "center",
    "width": 52,
  },
  "cont": Object {
    "&$active, &$undetermined": Object {
      "&:active $check $box": Object {
        "background": "#083CAE",
        "boxShadow": "inset 0 0 0 2px rgba(255,255,255,0.2)",
      },
      "&:hover $check $box": Object {
        "background": "#083CAE",
        "boxShadow": "inset 0 0 0 1px rgba(255,255,255,0.2)",
      },
    },
    "&:active $check $box": Object {
      "boxShadow": "inset 0 0 0 2px #6C6F89",
    },
    "&:after": Object {
      "clear": "both",
      "content": "\\"\\"",
      "display": "table",
    },
    "&:focus-visible $check": Object {
      "boxShadow": "0 0 0 8px rgba(0,110,255,0.3)",
    },
    "&:hover $check $box": Object {
      "boxShadow": "inset 0 0 0 1px #6C6F89",
    },
    "alignItems": "flex-start",
    "boxSizing": "border-box",
    "cursor": "pointer",
    "display": "flex",
    "outline": "0",
  },
  "disabled": Object {
    "& $check $box": Object {
      "background": "#EDEDF1",
      "boxShadow": "inset 0 0 0 1px #D3D4DC",
    },
    "&$active, &$undetermined": Object {
      "& $check $box": Object {
        "background": "hsl(221 91.2% 35.7% / 0.1)",
        "boxShadow": "inset 0 0 0 1px rgba(255,255,255,0.2)",
      },
    },
    "pointerEvents": "none",
  },
  "icon": Object {
    "gridColumnStart": 1,
    "gridRowStart": 1,
    "margin": 2,
  },
  "label": Object {
    "cursor": "pointer",
    "flex": 1,
    "marginLeft": "12px",
  },
  "labelWrap": Object {
    "alignItems": "center",
    "display": "flex",
    "flex": 1,
    "minHeight": 48,
    "overflow": "hidden",
    "paddingBottom": 4,
    "paddingTop": 4,
  },
  "overflow": Object {
    "overflow": "hidden",
    "textOverflow": "ellipsis",
    "whiteSpace": "nowrap",
  },
  "right": Object {
    "marginLeft": "8px",
    "pointerEvents": "none",
  },
  "undetermined": Object {
    "& $check $box": Object {
      "background": "#0059CD",
      "boxShadow": "inset 0 0 0 1px rgba(255,255,255,0.2)",
    },
  },
}
`;

exports[`CheckboxJSS matches the snapshot 1`] = `ShallowWrapper {}`;
