// Jest Snapshot v1, https://goo.gl/fbAQLP

exports[`Text matches the snapshot 1`] = `ShallowWrapper {}`;

exports[`Text styles matches the snapshot 1`] = `
Object {
  "bodyLarge": Object {
    "font": "300 18px/1.5 'OCC Text'",
  },
  "bodyLargeStrong": Object {
    "font": "400 18px/1.5 'OCC Text'",
  },
  "bodyRegular": Object {
    "font": "300 16px/1.5 'OCC Text'",
  },
  "bodyRegularStrong": Object {
    "font": "400 16px/1.5 'OCC Text'",
  },
  "bodySmall": Object {
    "font": "300 14px/1.5 'OCC Text'",
  },
  "bodySmallStrong": Object {
    "font": "400 14px/1.5 'OCC Text'",
  },
  "bodyXLarge": Object {
    "font": "300 20px/1.5 'OCC Text'",
  },
  "bodyXSmall": Object {
    "font": "300 12px/1.5 'OCC Text'",
  },
  "bottom0": Object {
    "marginBottom": "2px",
  },
  "bottom1": Object {
    "marginBottom": "4px",
  },
  "bottom10": Object {
    "marginBottom": "80px",
  },
  "bottom11": Object {
    "marginBottom": "120px",
  },
  "bottom12": Object {
    "marginBottom": "160px",
  },
  "bottom2": Object {
    "marginBottom": "8px",
  },
  "bottom3": Object {
    "marginBottom": "12px",
  },
  "bottom4": Object {
    "marginBottom": "16px",
  },
  "bottom5": Object {
    "marginBottom": "24px",
  },
  "bottom6": Object {
    "marginBottom": "32px",
  },
  "bottom7": Object {
    "marginBottom": "40px",
  },
  "bottom8": Object {
    "marginBottom": "48px",
  },
  "bottom9": Object {
    "marginBottom": "64px",
  },
  "center": Object {
    "textAlign": "center",
  },
  "corpDisabled": Object {
    "color": "#878A9F",
  },
  "corpPrimary": Object {
    "color": "#080D39",
  },
  "corpSecondary": Object {
    "color": "#5A5D7B",
  },
  "disabled": Object {
    "color": "#dddddd",
  },
  "display": Object {
    "@media screen and (min-width:768px)": Object {
      "font": "400 72px/1.1 'OCC Text'",
      "letterSpacing": "-0.02em",
    },
    "font": "400 48px/1.1 'OCC Text'",
    "letterSpacing": "-0.02em",
  },
  "error": Object {
    "color": "#8b1313",
  },
  "h1": Object {
    "@media screen and (min-width:768px)": Object {
      "font": "400 48px/1.1 'OCC Text'",
      "letterSpacing": "-0.02em",
    },
    "font": "400 32px/1.1 'OCC Text'",
    "letterSpacing": "-0.02em",
  },
  "h2": Object {
    "@media screen and (min-width:768px)": Object {
      "font": "400 40px/1.1 'OCC Text'",
    },
    "font": "400 28px/1.1 'OCC Text'",
  },
  "h3": Object {
    "@media screen and (min-width:768px)": Object {
      "font": "400 28px/1.1 'OCC Text'",
    },
    "font": "400 24px/1.1 'OCC Text'",
  },
  "h4": Object {
    "@media screen and (min-width:768px)": Object {
      "font": "400 24px/1.1 'OCC Text'",
    },
    "font": "400 20px/1.1 'OCC Text'",
  },
  "h5": Object {
    "font": "400 18px/1.1 'OCC Text'",
  },
  "indigoPrimary": Object {
    "color": "#083CAE",
  },
  "indigoSecondary": Object {
    "color": "#486EC3",
  },
  "info": Object {
    "color": "#5736ab",
  },
  "left": Object {
    "textAlign": "left",
  },
  "link": Object {
    "color": "#0946CB",
  },
  "pinkPrimary": Object {
    "color": "#D32E58",
  },
  "right": Object {
    "textAlign": "right",
  },
  "strong": Object {
    "fontWeight": 400,
  },
  "success": Object {
    "color": "#16542e",
  },
  "tag": Object {
    "font": "400 10px/1.5 'OCC Text'",
  },
  "text": Object {
    "fontFamily": "'OccText', sans-serif",
    "fontStyle": "normal",
    "fontWeight": 300,
    "letterSpacing": 0,
    "margin": 0,
  },
  "titleCase": Object {
    "textTransform": "capitalize",
  },
  "top0": Object {
    "marginTop": "2px",
  },
  "top1": Object {
    "marginTop": "4px",
  },
  "top10": Object {
    "marginTop": "80px",
  },
  "top11": Object {
    "marginTop": "120px",
  },
  "top12": Object {
    "marginTop": "160px",
  },
  "top2": Object {
    "marginTop": "8px",
  },
  "top3": Object {
    "marginTop": "12px",
  },
  "top4": Object {
    "marginTop": "16px",
  },
  "top5": Object {
    "marginTop": "24px",
  },
  "top6": Object {
    "marginTop": "32px",
  },
  "top7": Object {
    "marginTop": "40px",
  },
  "top8": Object {
    "marginTop": "48px",
  },
  "top9": Object {
    "marginTop": "64px",
  },
  "warning": Object {
    "color": "#664a0e",
  },
  "whitePrimary": Object {
    "color": "#fff",
  },
  "whiteSecondary": Object {
    "color": "rgba(255,255,255,0.7)",
  },
}
`;

exports[`TextJSS matches the snapshot 1`] = `ShallowWrapper {}`;
