// Jest Snapshot v1, https://goo.gl/fbAQLP

exports[`Pager matches the snapshot 1`] = `ShallowWrapper {}`;

exports[`Pager styles matches the snapshot 1`] = `
Object {
  "btn": Object {
    "& span": Object {
      "marginBottom": "-2px",
    },
    "&:hover": Object {
      "background": "#ECECEE",
      "borderColor": "#ECECEE",
    },
    "border": "1px solid #bfbfbf",
    "borderRadius": "5px",
    "cursor": "pointer",
    "display": "inline-block",
    "fontFamily": "'HK Grotesk', sans-serif",
    "outline": "0",
    "padding": "3px 13px",
    "transition": "0.3s all",
  },
  "disabled": Object {
    "opacity": "0.4",
    "pointerEvents": "none",
  },
  "next": Object {
    "& span": Object {
      "transform": "rotate(-90deg)",
    },
    "marginLeft": "15px",
  },
  "pager": Object {
    "color": "#727272",
    "fontFamily": "'HK Grotesk', sans-serif",
    "fontSize": "13px",
    "listStyle": "none",
    "paddingLeft": "0",
  },
  "prev": Object {
    "& span": Object {
      "transform": "rotate(90deg)",
    },
    "marginRight": "15px",
  },
}
`;

exports[`PagerJSS matches the snapshot 1`] = `ShallowWrapper {}`;
