// Jest Snapshot v1, https://goo.gl/fbAQLP

exports[`Modal matches the snapshot 1`] = `ShallowWrapper {}`;

exports[`Modal styles matches the snapshot 1`] = `
Object {
  "@global": Object {
    "body": Object {
      "overflow": "hidden",
    },
  },
  "@keyframes modalFadeDown": Object {
    "from": Object {
      "marginTop": -64,
      "opacity": 0,
    },
    "to": Object {
      "marginTop": 0,
      "opacity": 1,
    },
  },
  "@keyframes modalFadeIn": Object {
    "from": Object {
      "opacity": 0,
    },
    "to": Object {
      "opacity": 1,
    },
  },
  "bottom": Object {
    "marginTop": 8,
    "textAlign": "right",
  },
  "card": Object {
    "@media screen and (max-width:575px)": Object {
      "borderRadius": [Function],
      "minHeight": [Function],
      "padding": [Function],
    },
    "@media screen and (min-width:768px)": Object {
      "padding": 32,
    },
    "cursor": "auto",
    "maxWidth": "100%",
    "padding": 16,
    "transition": "0.3s opacity, 0.3s margin-top",
  },
  "cardBlock": Object {
    "@media screen and (max-width:575px)": Object {
      "height": [Function],
      "margin": [Function],
    },
    "margin": 12,
  },
  "cardHide": Object {
    "marginTop": -64,
    "opacity": 0,
  },
  "cardShow": Object {
    "animation": "0.3s modalFadeDown ease-out",
  },
  "cardWrapper": Object {
    "@media screen and (max-width:575px)": Object {
      "height": [Function],
    },
    "maxHeight": "100%",
    "maxWidth": "100%",
    "position": "relative",
  },
  "closeIcon": Object {
    "alignItems": "center",
    "display": "flex",
    "height": 32,
  },
  "closePosition": Object {
    "@media screen and (min-width:768px)": Object {
      "right": 32,
      "top": 32,
    },
    "position": "absolute",
    "right": 16,
    "top": 16,
  },
  "content": Object {
    "&::-webkit-scrollbar": Object {
      "width": 6,
    },
    "&::-webkit-scrollbar-thumb": Object {
      "background": "#dddddd",
      "borderRadius": 3,
    },
    "@media screen and (min-width:768px)": Object {
      "marginLeft": -32,
      "marginRight": -32,
      "paddingLeft": 32,
      "paddingRight": 32,
    },
    "marginLeft": -16,
    "marginRight": -16,
    "paddingLeft": 16,
    "paddingRight": 16,
    "transition": "0.1s height",
  },
  "imgLeft": Object {
    "@media screen and (min-width:768px)": Object {
      "marginBottom": -32,
      "marginLeft": -32,
      "marginRight": 32,
      "marginTop": -32,
    },
    "backgroundColor": [Function],
    "backgroundImage": [Function],
    "backgroundPosition": [Function],
    "backgroundRepeat": "no-repeat",
    "backgroundSize": [Function],
    "borderRadius": Array [
      6,
      0,
      0,
      6,
    ],
    "marginBottom": -16,
    "marginLeft": -16,
    "marginRight": 16,
    "marginTop": -16,
    "width": 200,
  },
  "imgTop": Object {
    "@media screen and (min-width:768px)": Object {
      "marginBottom": 32,
      "marginLeft": -32,
      "marginRight": -32,
      "marginTop": -32,
    },
    "backgroundColor": [Function],
    "backgroundImage": [Function],
    "backgroundPosition": [Function],
    "backgroundRepeat": "no-repeat",
    "backgroundSize": [Function],
    "borderRadius": Array [
      6,
      6,
      0,
      0,
    ],
    "height": [Function],
    "marginBottom": 16,
    "marginLeft": -16,
    "marginRight": -16,
    "marginTop": -16,
    "position": "relative",
  },
  "lg": Object {
    "width": 820,
  },
  "mainBtn": Object {
    "marginLeft": 24,
    "marginTop": 16,
  },
  "md": Object {
    "@media screen and (max-width:767px)": Object {
      "maxWidth": "100%",
      "width": 322,
    },
    "width": 520,
  },
  "noClose": Object {
    "cursor": "default",
  },
  "overlay": Object {
    "alignItems": "center",
    "background": "rgba(0, 0, 5, 0.85)",
    "cursor": "pointer",
    "display": "flex",
    "height": "100%",
    "justifyContent": "center",
    "left": 0,
    "overflow": "auto",
    "position": "fixed",
    "top": 0,
    "transition": "0.3s all",
    "width": "100%",
    "zIndex": 1000,
  },
  "overlayHide": Object {
    "opacity": 0,
  },
  "overlayShow": Object {
    "animation": "0.3s modalFadeIn linear",
  },
  "secBtn": Object {
    "marginTop": 16,
  },
  "sm": Object {
    "maxWidth": "100%",
    "width": 322,
  },
  "title": Object {},
  "top": Object {
    "marginBottom": 16,
  },
  "xl": Object {
    "width": 1024,
  },
}
`;

exports[`ModalPortal matches the snapshot 1`] = `ShallowWrapper {}`;
