// Jest Snapshot v1, https://goo.gl/fbAQLP

exports[`Modal matches the snapshot 1`] = `ShallowWrapper {}`;

exports[`Modal styles matches the snapshot 1`] = `
Object {
  "@global": Object {
    "body": Object {
      "overflow": "hidden",
    },
  },
  "@keyframes modalFadeDown": Object {
    "from": Object {
      "marginTop": -64,
      "opacity": 0,
    },
    "to": Object {
      "marginTop": 0,
      "opacity": 1,
    },
  },
  "@keyframes modalFadeIn": Object {
    "from": Object {
      "opacity": 0,
    },
    "to": Object {
      "opacity": 1,
    },
  },
  "card": Object {
    "@media screen and (max-width:575px)": Object {
      "borderRadius": [Function],
      "minHeight": [Function],
    },
    "background": "#fff",
    "border": "1px solid #D3D4DC",
    "borderRadius": "8px",
    "cursor": "auto",
    "maxWidth": "100%",
    "overflow": "hidden",
    "transition": "0.3s opacity, 0.3s margin-top",
  },
  "cardBlock": Object {
    "@media screen and (max-width:575px)": Object {
      "margin": [Function],
    },
    "margin": 12,
  },
  "cardWrapper": Object {
    "maxHeight": "100vh",
    "maxWidth": "100vw",
    "position": "relative",
  },
  "closePosition": Object {
    "@media screen and (min-width:768px)": Object {
      "right": 32,
      "top": 32,
    },
    "position": "absolute",
    "right": 16,
    "top": 16,
  },
  "content": Object {
    "&::-webkit-scrollbar": Object {
      "width": 6,
    },
    "&::-webkit-scrollbar-thumb": Object {
      "background": "#dddddd",
      "borderRadius": 3,
    },
    "flex": 1,
    "overflow": "auto",
    "transition": "0.1s height",
  },
  "contentChild": Object {
    "@media screen and (min-width:576px)": Object {
      "padding": Array [
        "12px",
        "40px",
      ],
    },
    "borderBottom": "1px solid transparent",
    "padding": "12px",
  },
  "contentWrapper": Object {
    "flex": 1,
    "height": "auto",
    "maxHeight": "85vh",
  },
  "footer": Object {
    "@media screen and (min-width:576px)": Object {
      "flexDirection": "row",
      "gap": "8px",
      "justifyContent": "flex-end",
      "padding": Array [
        "16px",
        "40px",
      ],
    },
    "borderTop": "1px solid transparent",
    "display": "flex",
    "flexDirection": "column-reverse",
    "flexGrow": 0,
    "gap": "4px",
    "padding": "12px",
    "textAlign": "right",
  },
  "footerBorder": Object {
    "borderTop": "1px solid #EDEDF1",
  },
  "fullSize": Object {
    "& $contentWrapper": Object {
      "@media screen and (min-width:576px)": Object {
        "height": "auto",
        "maxHeight": "85vh",
      },
      "height": "100vh",
      "maxHeight": "100vh",
      "overflow": "auto",
    },
    "@media screen and (max-width:575px)": Object {
      "border": 0,
      "width": "100% !important",
    },
  },
  "header": Object {
    "@media screen and (min-width:576px)": Object {
      "height": 72,
      "padding": Array [
        "16px",
        "16px",
        "16px",
        "40px",
      ],
    },
    "alignItems": "center",
    "background": "transparent",
    "border": "1px solid transparent",
    "display": "flex",
    "flexGrow": 0,
    "height": 56,
    "padding": Array [
      "8px",
      "12px",
    ],
    "transition": "0.2s all",
    "zIndex": 1,
  },
  "headerBorder": Object {
    "borderBottom": "1px solid #EDEDF1",
  },
  "hide": Object {
    "& $card": Object {
      "marginTop": -64,
      "opacity": 0,
    },
    "opacity": 0,
  },
  "imgLeft": Object {
    "@media screen and (min-width:576px)": Object {
      "display": "block",
      "width": 200,
    },
    "display": "none",
  },
  "imgTop": Object {
    "aspectRatio": "21 / 9",
    "maxHeight": 200,
    "objectFit": "cover",
    "width": "100%",
  },
  "imgTopPadding": Object {
    "paddingTop": "24px",
  },
  "lg": Object {
    "width": 820,
  },
  "md": Object {
    "@media screen and (max-width:767px)": Object {
      "maxWidth": "100%",
    },
    "width": 600,
  },
  "noClose": Object {
    "cursor": "default",
  },
  "noFooter": Object {
    "paddingBottom": "40px",
  },
  "noHeader": Object {
    "@media screen and (min-width:768px)": Object {
      "paddingTop": "40px",
    },
  },
  "overlay": Object {
    "alignItems": "center",
    "background": "rgba(0, 0, 5, 0.85)",
    "cursor": "pointer",
    "display": "flex",
    "height": "100%",
    "justifyContent": "center",
    "left": 0,
    "position": "fixed",
    "top": 0,
    "transition": "0.3s all",
    "width": "100%",
    "zIndex": 1000,
  },
  "show": Object {
    "& $card": Object {
      "animation": "0.3s modalFadeDown ease-out",
    },
    "animation": "0.3s modalFadeIn linear",
  },
  "sm": Object {
    "& $contentChild": Object {
      "padding": "12px",
    },
    "& $footer": Object {
      "flexDirection": "column-reverse",
      "gap": "4px",
      "padding": "12px",
    },
    "& $header": Object {
      "height": 56,
      "padding": Array [
        "8px",
        "12px",
      ],
    },
    "& $title": Object {
      "font": "400 20px/1.1 'OccText', sans-serif",
    },
    "maxWidth": "100%",
    "width": 320,
  },
  "solidHeader": Object {
    "background": "#fff",
  },
  "split": Object {
    "display": "flex",
    "flexDirection": "row",
  },
  "stickyHeader": Object {
    "@media screen and (min-width:576px)": Object {
      "marginBottom": -72,
    },
    "marginBottom": -56,
  },
  "title": Object {
    "@media screen and (min-width:576px)": Object {
      "font": "400 24px/1.1 'OccText', sans-serif",
    },
    "font": "400 20px/1.1 'OccText', sans-serif",
    "margin": 0,
  },
  "xl": Object {
    "width": 1024,
  },
}
`;

exports[`ModalPortal matches the snapshot 1`] = `ShallowWrapper {}`;
