// Jest Snapshot v1, https://goo.gl/fbAQLP

exports[`Autocomplete matches the snapshot 1`] = `"<div class=\\"autoComplete-0-2-1\\"><div class=\\"container-0-2-4\\"><div class=\\"inputWrap-0-2-12\\"><input class=\\"input-0-2-13 data-hj-whitelist\\" type=\\"text\\" value=\\"\\"></div></div></div>"`;

exports[`Autocomplete matches the snapshot 2`] = `"<div class=\\"autoComplete-0-2-1\\"><div class=\\"container-0-2-4 focus-0-2-7\\"><div class=\\"inputWrap-0-2-12\\"><input class=\\"input-0-2-13 data-hj-whitelist\\" type=\\"text\\" value=\\"\\"></div></div></div>"`;
