// Jest Snapshot v1, https://goo.gl/fbAQLP

exports[`Droplist matches the snapshot 1`] = `ShallowWrapper {}`;

exports[`Droplist styles matches the snapshot 1`] = `
Object {
  "block": Object {
    "background": "#ffffff",
    "border": "1px solid #dddddd",
    "borderRadius": 4,
    "overflow": "hidden",
  },
  "extraText": Object {
    "marginLeft": 8,
  },
  "extraTextColor": Object {
    "color": "#0946CB",
  },
  "group": Object {
    "padding": Array [
      16,
      16,
      4,
    ],
  },
  "icon": Object {
    "marginRight": 8,
    "position": "absolute",
    "top": 12,
  },
  "iconText": Object {
    "display": "inline-block",
    "marginLeft": 24,
  },
  "item": Object {
    "&:hover": Object {
      "background": "#fafafa",
    },
    "display": "flex",
    "justifyContent": "space-between",
    "padding": Array [
      8,
      16,
    ],
    "position": "relative",
    "transition": "0.1s all",
  },
  "itemPointer": Object {
    "cursor": "pointer",
  },
  "onFocus": Object {
    "&:hover": Object {
      "background": "#e4edff",
    },
    "background": "#e4edff",
  },
  "right": Object {
    "float": "right",
    "marginLeft": 16,
    "transition": "0.1s all",
  },
}
`;

exports[`DroplistJSS matches the snapshot 1`] = `ShallowWrapper {}`;
