// Jest Snapshot v1, https://goo.gl/fbAQLP

exports[`Droplist matches the snapshot 1`] = `ShallowWrapper {}`;

exports[`Droplist styles matches the snapshot 1`] = `
Object {
  "block": Object {
    "background": "#fff",
    "border": "1px solid #D3D4DC",
    "borderRadius": "4px",
    "boxShadow": "0 9px 12px -5px rgba(8,13,56,0.12), 0 10px 32px 0 rgba(9,61,173,0.12)",
    "overflow": "hidden",
    "padding": Array [
      "8px",
    ],
  },
  "disabled": Object {
    "pointerEvents": "none",
  },
  "extraText": Object {
    "marginLeft": "4px",
  },
  "group": Object {
    "padding": Array [
      "8px",
      "16px",
      0,
    ],
  },
  "highlighted": Object {
    "background": "hsl(221 91.2% 35.7% / 0.05)",
  },
  "icon": Object {
    "marginRight": "8px",
  },
  "iconText": Object {
    "display": "inline-block",
  },
  "item": Object {
    "&:active, &:focus": Object {
      "& > $right": Object {
        "color": "#080D39",
      },
      "background": "hsl(221 91.2% 35.7% / 0.1)",
    },
    "&:hover": Object {
      "background": "hsl(221 91.2% 35.7% / 0.05)",
    },
    "alignItems": "center",
    "borderRadius": "4px",
    "display": "flex",
    "justifyContent": "space-between",
    "padding": Array [
      "12px",
      "16px",
    ],
    "position": "relative",
    "transition": "0.1s all",
  },
  "itemContainer": Object {
    "alignItems": "center",
    "display": "flex",
  },
  "itemPointer": Object {
    "cursor": "pointer",
  },
  "onFocus": Object {
    "&:hover": Object {
      "background": "hsl(221 91.2% 35.7% / 0.1)",
    },
    "background": "hsl(221 91.2% 35.7% / 0.1)",
  },
  "right": Object {
    "float": "right",
    "marginLeft": "16px",
    "transition": "0.1s all",
  },
}
`;

exports[`DroplistJSS matches the snapshot 1`] = `ShallowWrapper {}`;
