// Jest Snapshot v1, https://goo.gl/fbAQLP

exports[`SubHeader matches the snapshot 1`] = `ShallowWrapper {}`;

exports[`SubHeader styles matches the snapshot 1`] = `
Object {
  "blue": Object {
    "background": "#1476fb",
    "color": "#ffffff",
  },
  "center": Object {
    "height": "100%",
    "left": "50%",
    "position": "absolute",
    "transform": "translateX(-50%)",
  },
  "fixed": Object {
    "left": "0",
    "position": "fixed",
    "top": "0",
    "width": "100%",
    "zIndex": "10",
  },
  "left": Object {
    "float": "left",
    "height": "100%",
  },
  "right": Object {
    "float": "right",
    "height": "100%",
  },
  "subHeader": Object {
    "boxShadow": "0 6px 5px -3px rgba(0,0,0,0.12), 0 6px 18px 0 rgba(0,29,124,0.08)",
    "fontFamily": "'HK Grotesk', sans-serif",
    "fontSize": "16px",
    "height": "60px",
    "padding": "0 15px",
    "position": "relative",
  },
  "white": Object {
    "background": "#ffffff",
    "color": "#222222",
  },
  "wrapper": Object {
    "height": "60px",
  },
}
`;

exports[`SubHeaderJSS matches the snapshot 1`] = `ShallowWrapper {}`;
