// Jest Snapshot v1, https://goo.gl/fbAQLP

exports[`Button matches the snapshot 1`] = `ShallowWrapper {}`;

exports[`Button styles matches the snapshot 1`] = `
Object {
  "block": Object {
    "display": "block",
    "width": "100%",
  },
  "btn": Object {
    "&:focus": Object {
      "outline": "none",
    },
    "&:hover": Object {
      "textDecoration": "none",
    },
    "border": 0,
    "borderRadius": "4px",
    "boxSizing": "border-box",
    "cursor": "pointer",
    "display": "inline-block",
    "font": "400 14px/1.5 'OccText', sans-serif",
    "marginBottom": 0,
    "maxWidth": "100%",
    "padding": Array [
      "12px",
      "16px",
    ],
    "position": "relative",
    "textAlign": "center",
    "textDecoration": "none",
    "touchAction": "manipulation",
    "transition": "0.3s all",
    "userSelect": "none",
    "whiteSpace": "nowrap",
  },
  "cont": Object {
    "alignItems": "center",
    "display": "flex",
    "height": "100%",
    "justifyContent": "center",
    "pointerEvents": "none",
    "width": "100%",
  },
  "disabled": Object {
    "cursor": "default",
    "pointerEvents": "none",
  },
  "ghostGrey": Object {
    "& $icon, & $iconRight": Object {
      "fill": "#5A5D7B",
    },
    "& $loadIcon": Object {
      "fill": "#5A5D7B",
    },
    "&$disabled": Object {
      "& $icon, & $iconRight": Object {
        "fill": "#D3D4DC",
      },
      "background": "transparent",
      "color": "#878A9F",
    },
    "&:active": Object {
      "background": "hsl(234 75.4% 12.7% / 0.1)",
    },
    "&:focus-visible": Object {
      "boxShadow": "0 0 0 8px hsl(234 75.4% 12.7% / 0.1)",
    },
    "&:hover": Object {
      "background": "hsl(234 75.4% 12.7% / 0.05)",
    },
    "background": "transparent",
    "color": "#5A5D7B",
  },
  "ghostPink": Object {
    "& $loadIcon": Object {
      "fill": "#f13465",
    },
    "&$disabled": Object {
      "background": "transparent !important",
      "border": "none !important",
      "color": "#fa90ac !important",
    },
    "&:hover, &:active": Object {
      "& span span": Object {
        "background": [Function],
      },
      "color": "#cc1b4a",
    },
    "background": "transparent",
    "border": "none",
    "color": "#f13465",
    "paddingLeft": Array [
      0,
      "!important",
    ],
    "paddingRight": Array [
      0,
      "!important",
    ],
  },
  "ghostWhite": Object {
    "& $icon, & $iconRight": Object {
      "fill": "#fff",
    },
    "&$disabled": Object {
      "& $icon, & $iconRight": Object {
        "fill": "rgba(255,255,255,0.3)",
      },
      "background": "transparent",
      "color": "rgba(255,255,255,0.7)",
    },
    "&:active": Object {
      "background": "rgba(255,255,255,0.1)",
    },
    "&:focus-visible": Object {
      "boxShadow": "0 0 0 8px rgba(255,255,255,0.2)",
    },
    "&:hover": Object {
      "background": "rgba(255,255,255,0.05)",
    },
    "background": "transparent",
    "color": "#fff",
  },
  "icon": Object {
    "display": "inline-block",
    "marginRight": "8px",
    "transition": "0.3s all",
  },
  "iconOnly": Object {
    "& span span, & svg": Object {
      "marginLeft": 0,
      "marginRight": 0,
    },
    "padding": Array [
      "8px",
      "8px",
    ],
  },
  "iconRight": Object {
    "display": "inline-block",
    "marginLeft": "8px",
    "transition": "0.3s all",
  },
  "lg": Object {
    "&$iconOnly": Object {
      "padding": Array [
        "12px",
        "12px",
      ],
    },
    "font": "400 18px/1.5 'OccText', sans-serif",
    "padding": Array [
      "12px",
      "32px",
    ],
  },
  "loadCont": Object {
    "alignItems": "center",
    "display": "flex",
    "height": "100%",
    "justifyContent": "center",
    "left": 0,
    "pointerEvents": "none",
    "position": "absolute",
    "top": 0,
    "width": "100%",
  },
  "loadIcon": Object {
    "fill": "#fff",
    "height": 24,
    "width": 24,
  },
  "loading": Object {
    "& $cont": Object {
      "visibility": "hidden",
    },
    "pointerEvents": "none",
  },
  "md": Object {
    "&$iconOnly": Object {
      "padding": Array [
        "8px",
        "8px",
      ],
    },
    "font": "400 16px/1.5 'OccText', sans-serif",
    "padding": Array [
      "12px",
      "24px",
    ],
  },
  "primary": Object {
    "& $icon, & $iconRight": Object {
      "fill": "#fff",
    },
    "&$disabled": Object {
      "& $icon, & $iconRight": Object {
        "fill": "rgba(255,255,255,0.3)",
      },
      "background": "#F6809E",
      "color": "rgba(255,255,255,0.7)",
      "cursor": "not-allowed",
    },
    "&:active": Object {
      "background": "#821C36",
    },
    "&:focus": Object {
      "outline": "2px solid rgba(255,255,255,0.2)",
    },
    "&:focus-visible": Object {
      "boxShadow": "0 0 0 8px hsl(344 87.1% 57.5% / 0.3)",
    },
    "&:hover": Object {
      "background": "#A32444",
    },
    "background": "#D32E58",
    "color": "#fff",
    "outline": "2px solid rgba(255,255,255,0.2)",
    "outlineOffset": "-2px",
  },
  "round": Object {
    "borderRadius": "50%",
  },
  "secondary": Object {
    "& $icon, & $iconRight": Object {
      "fill": "#083CAE",
    },
    "& $loadIcon": Object {
      "fill": "#083CAE",
    },
    "&$disabled": Object {
      "& $icon, & $iconRight": Object {
        "fill": "#8DA5DA",
      },
      "background": "hsl(221 91.2% 35.7% / 0.1)",
      "color": "#486EC3",
    },
    "&:active": Object {
      "background": "hsl(221 91.2% 35.7% / 0.2)",
    },
    "&:focus-visible": Object {
      "boxShadow": "0 0 0 8px hsl(221 91.2% 35.7% / 0.3)",
    },
    "&:hover": Object {
      "background": "hsl(221 91.2% 35.7% / 0.1)",
    },
    "background": "hsl(221 91.2% 35.7% / 0.05)",
    "color": "#083CAE",
  },
  "tertiary": Object {
    "& $icon, & $iconRight": Object {
      "fill": "#083CAE",
    },
    "& $loadIcon": Object {
      "fill": "#083CAE",
    },
    "&$disabled": Object {
      "& $icon, & $iconRight": Object {
        "fill": "#8DA5DA",
      },
      "background": "transparent",
      "color": "#486EC3",
      "outlineColor": "#8DA5DA",
    },
    "&:active": Object {
      "background": "hsl(221 91.2% 35.7% / 0.1)",
    },
    "&:focus": Object {
      "outline": "2px solid #083CAE",
    },
    "&:focus-visible": Object {
      "boxShadow": "0 0 0 8px hsl(221 91.2% 35.7% / 0.3)",
    },
    "&:hover": Object {
      "background": "hsl(221 91.2% 35.7% / 0.05)",
    },
    "background": "transparent",
    "color": "#083CAE",
    "outline": "2px solid #083CAE",
    "outlineOffset": "-2px",
  },
  "tertiaryWhite": Object {
    "& $icon, & $iconRight": Object {
      "fill": "#fff",
    },
    "&$disabled": Object {
      "& $icon, & $iconRight": Object {
        "fill": "rgba(255,255,255,0.3)",
      },
      "background": "transparent",
      "color": "rgba(255,255,255,0.7)",
      "outlineColor": "rgba(255,255,255,0.2)",
    },
    "&:active": Object {
      "background": "rgba(255,255,255,0.1)",
    },
    "&:focus": Object {
      "outline": "2px solid #fff",
    },
    "&:focus-visible": Object {
      "boxShadow": "0 0 0 8px rgba(255,255,255,0.2)",
    },
    "&:hover": Object {
      "background": "rgba(255,255,255,0.05)",
    },
    "background": "transparent",
    "color": "#fff",
    "outline": "2px solid #fff",
    "outlineOffset": "-2px",
  },
}
`;

exports[`ButtonJSS matches the snapshot 1`] = `ShallowWrapper {}`;
