// Jest Snapshot v1, https://goo.gl/fbAQLP

exports[`Input matches the snapshot 1`] = `ShallowWrapper {}`;

exports[`Input styles matches the snapshot 1`] = `
Object {
  "clear": Object {
    "background": "none",
    "border": "0",
    "cursor": "pointer",
    "margin": "0",
    "outline": "0",
    "padding": "0",
    "position": "absolute",
    "right": "0",
    "top": "20px",
  },
  "complete": Object {
    "& $input": Object {
      "borderColor": "#000000",
    },
    "& $placeholder": Object {
      "color": "#000000",
    },
    "& $pushHolder": Object {
      "left": "0",
    },
    "color": "#000000",
  },
  "container": Object {
    "marginBottom": "16px",
    "paddingBottom": "11px",
    "position": "relative",
  },
  "correct": Object {
    "& $input": Object {
      "borderColor": "#09ba8a",
    },
    "& $placeholder": Object {
      "color": "#09ba8a",
    },
    "& $pushHolder": Object {
      "left": "0",
    },
    "color": "#09ba8a",
  },
  "counter": Object {
    "position": "absolute",
    "right": "0",
    "top": "0",
  },
  "default": Object {
    "& $input": Object {
      "borderColor": "#bfbfbf",
    },
    "& $placeholder": Object {
      "color": "#a7a7a7",
      "fontSize": "16px",
      "top": "20px",
    },
    "color": "#b0b0b0",
  },
  "disabled": Object {
    "& $input": Object {
      "borderColor": "#bfbfbf",
      "color": "#bfbfbf",
    },
    "& $placeholder": Object {
      "color": "#cdcdcd",
      "fontSize": "16px",
      "top": "20px",
    },
    "& $pushHolder": Object {
      "left": "0",
    },
    "color": "#bfbfbf",
  },
  "error": Object {
    "& $input": Object {
      "borderColor": "#ef2525",
    },
    "& $placeholder": Object {
      "color": "#ef2525",
    },
    "& $pushHolder": Object {
      "left": "0",
    },
    "color": "#ef2525",
  },
  "expanded": Object {
    "height": "80px",
  },
  "focus": Object {
    "& $inputWrap:after": Object {
      "left": "0",
      "width": "100%",
    },
    "& $placeholder": Object {
      "color": "#1476fb",
    },
    "& $pushHolder": Object {
      "left": "0",
    },
    "color": "#1476fb",
  },
  "hasClear": Object {
    "paddingRight": "24px",
  },
  "hasIcon": Object {
    "paddingLeft": "24px",
  },
  "icon": Object {
    "left": "0",
    "position": "absolute",
    "top": "19px",
  },
  "input": Object {
    "&::placeholder": Object {
      "color": "#a7a7a7",
    },
    "alignItems": "center",
    "background": "transparent",
    "border": "0",
    "borderBottom": "1px solid #bfbfbf",
    "boxSizing": "border-box",
    "color": "#222222",
    "display": "flex",
    "fontFamily": "'OccText', sans-serif",
    "fontSize": "16px",
    "fontWeight": "normal",
    "height": "34px",
    "lineHeight": "16px",
    "marginBottom": "4px",
    "outline": "none",
    "padding": "10px 0",
    "transition": "0.3s all",
    "width": "100%",
  },
  "inputWrap": Object {
    "&:after": Object {
      "background": "#1476fb",
      "bottom": "0",
      "content": "\\"\\"",
      "display": "block",
      "height": "1px",
      "left": "50%",
      "position": "absolute",
      "transition": "0.3s all",
      "width": "0",
    },
    "boxSizing": "border-box",
    "position": "relative",
  },
  "label": Object {
    "boxSizing": "border-box",
    "display": "inline-block",
    "float": "left",
    "fontFamily": "'OccText', sans-serif",
    "fontSize": "11px",
    "fontWeight": "normal",
    "marginBottom": "0",
    "maxWidth": "100%",
    "transition": "0.3s all",
  },
  "left": Object {
    "float": "left",
  },
  "placeholder": Object {
    "fontSize": "11px",
    "pointerEvents": "none",
    "position": "absolute",
    "top": "0",
  },
  "push": Object {
    "paddingTop": "15px",
  },
  "pushHolder": Object {
    "left": "24px",
  },
  "select": Object {
    "appearance": "none",
    "background": "url(data:image/svg+xml;base64,PHN2ZyB2ZXJzaW9uPSIxLjEiIHhtbG5zPSJodHRwOi8vd3d3LnczLm9yZy8yMDAwL3N2ZyIgeG1sbnM6eGxpbms9Imh0dHA6Ly93d3cudzMub3JnLzE5OTkveGxpbmsiIHg9IjBweCIgeT0iMHB4IgogICAgICAgICAgICAJIHZpZXdCb3g9IjAgMCAxNCAxNCIgc3R5bGU9ImVuYWJsZS1iYWNrZ3JvdW5kOm5ldyAwIDAgMTQgMTQ7IiB4bWw6c3BhY2U9InByZXNlcnZlIj4KICAgICAgICAgICAgPHBhdGggZmlsbD0iIzRFNjI3MyIgZD0iTTExLjUsNC4ybDAuMywwLjRjMC4xLDAuMSwwLjEsMC4yLDAsMC4zTDcuMSw5LjhjLTAuMSwwLjEtMC4yLDAuMS0wLjMsMGMwLDAsMCwwLDAsMEwyLjEsNC44CiAgICAgICAgICAgIAljLTAuMS0wLjEtMC4xLTAuMiwwLTAuM2wwLjMtMC40YzAuMS0wLjEsMC4yLTAuMSwwLjMsMGMwLDAsMCwwLDAsMGw0LjEsNC40YzAuMSwwLjEsMC4yLDAuMSwwLjMsMGMwLDAsMCwwLDAsMGw0LjEtNC40CiAgICAgICAgICAgIAlDMTEuMyw0LjEsMTEuNCw0LjEsMTEuNSw0LjJDMTEuNSw0LjEsMTEuNSw0LjIsMTEuNSw0LjJ6Ii8+CiAgICAgICAgICAgIDwvc3ZnPg==)",
    "backgroundPosition": "calc(100% - 5px) 5px",
    "backgroundSize": "24px 24px",
    "padding": "0",
  },
  "textarea": Object {
    "lineHeight": "22px",
    "padding": "5px 0",
  },
}
`;

exports[`InputJSS matches the snapshot 1`] = `ShallowWrapper {}`;
