// Jest Snapshot v1, https://goo.gl/fbAQLP

exports[`TextField matches the snapshot 1`] = `
ShallowWrapper {
  Symbol(enzyme.__root__): [Circular],
  Symbol(enzyme.__unrendered__): <TextField
    autoFocus={false}
    classes={
      Object {
        "alignRight": "alignRight",
        "assistiveText": "assistiveText",
        "bottom": "bottom",
        "clear": "clear",
        "container": "container",
        "counter": "counter",
        "default": "default",
        "disabled": "disabled",
        "error": "error",
        "errorAssistiveText": "errorAssistiveText",
        "errorIcon": "errorIcon",
        "focus": "focus",
        "hasClear": "hasClear",
        "hasIcon": "hasIcon",
        "hasPass": "hasPass",
        "icon": "icon",
        "input": "input",
        "inputWrap": "inputWrap",
        "label": "label",
        "left": "left",
        "passIcon": "passIcon",
        "right": "right",
        "select": "select",
        "selectIcon": "selectIcon",
        "textarea": "textarea",
        "top": "top",
      }
    }
    clear={false}
    counter={false}
    disabled={false}
    hjWhitelist={true}
    options={Array []}
    selectOnFocus={false}
    type="text"
    valueProp=""
  />,
  Symbol(enzyme.__renderer__): Object {
    "batchedUpdates": [Function],
    "getNode": [Function],
    "render": [Function],
    "simulateError": [Function],
    "simulateEvent": [Function],
    "unmount": [Function],
  },
  Symbol(enzyme.__node__): Object {
    "instance": null,
    "key": undefined,
    "nodeType": "host",
    "props": Object {
      "children": Array [
        undefined,
        <div
          className="inputWrap"
        >
          
          <input
            autoFocus={false}
            className="input data-hj-whitelist"
            id={undefined}
            maxLength={undefined}
            name={undefined}
            onBlur={[Function]}
            onChange={[Function]}
            onFocus={[Function]}
            onKeyUp={[Function]}
            placeholder={undefined}
            required={undefined}
            type="text"
            value=""
          />
        </div>,
        undefined,
      ],
      "className": "container default",
      "style": undefined,
    },
    "ref": null,
    "rendered": Array [
      undefined,
      Object {
        "instance": null,
        "key": undefined,
        "nodeType": "host",
        "props": Object {
          "children": Array [
            undefined,
            false,
            false,
            "",
            <input
              autoFocus={false}
              className="input data-hj-whitelist"
              id={undefined}
              maxLength={undefined}
              name={undefined}
              onBlur={[Function]}
              onChange={[Function]}
              onFocus={[Function]}
              onKeyUp={[Function]}
              placeholder={undefined}
              required={undefined}
              type="text"
              value=""
            />,
          ],
          "className": "inputWrap",
        },
        "ref": null,
        "rendered": Array [
          undefined,
          false,
          false,
          "",
          Object {
            "instance": null,
            "key": undefined,
            "nodeType": "host",
            "props": Object {
              "autoFocus": false,
              "className": "input data-hj-whitelist",
              "id": undefined,
              "maxLength": undefined,
              "name": undefined,
              "onBlur": [Function],
              "onChange": [Function],
              "onFocus": [Function],
              "onKeyUp": [Function],
              "placeholder": undefined,
              "required": undefined,
              "type": "text",
              "value": "",
            },
            "ref": [Function],
            "rendered": null,
            "type": "input",
          },
        ],
        "type": "div",
      },
      undefined,
    ],
    "type": "div",
  },
  Symbol(enzyme.__nodes__): Array [
    Object {
      "instance": null,
      "key": undefined,
      "nodeType": "host",
      "props": Object {
        "children": Array [
          undefined,
          <div
            className="inputWrap"
          >
            
            <input
              autoFocus={false}
              className="input data-hj-whitelist"
              id={undefined}
              maxLength={undefined}
              name={undefined}
              onBlur={[Function]}
              onChange={[Function]}
              onFocus={[Function]}
              onKeyUp={[Function]}
              placeholder={undefined}
              required={undefined}
              type="text"
              value=""
            />
          </div>,
          undefined,
        ],
        "className": "container default",
        "style": undefined,
      },
      "ref": null,
      "rendered": Array [
        undefined,
        Object {
          "instance": null,
          "key": undefined,
          "nodeType": "host",
          "props": Object {
            "children": Array [
              undefined,
              false,
              false,
              "",
              <input
                autoFocus={false}
                className="input data-hj-whitelist"
                id={undefined}
                maxLength={undefined}
                name={undefined}
                onBlur={[Function]}
                onChange={[Function]}
                onFocus={[Function]}
                onKeyUp={[Function]}
                placeholder={undefined}
                required={undefined}
                type="text"
                value=""
              />,
            ],
            "className": "inputWrap",
          },
          "ref": null,
          "rendered": Array [
            undefined,
            false,
            false,
            "",
            Object {
              "instance": null,
              "key": undefined,
              "nodeType": "host",
              "props": Object {
                "autoFocus": false,
                "className": "input data-hj-whitelist",
                "id": undefined,
                "maxLength": undefined,
                "name": undefined,
                "onBlur": [Function],
                "onChange": [Function],
                "onFocus": [Function],
                "onKeyUp": [Function],
                "placeholder": undefined,
                "required": undefined,
                "type": "text",
                "value": "",
              },
              "ref": [Function],
              "rendered": null,
              "type": "input",
            },
          ],
          "type": "div",
        },
        undefined,
      ],
      "type": "div",
    },
  ],
  Symbol(enzyme.__options__): Object {
    "adapter": ReactSixteenAdapter {
      "options": Object {
        "enableComponentDidUpdateOnSetState": true,
        "lifecycles": Object {
          "componentDidUpdate": Object {
            "onSetState": true,
          },
          "getDerivedStateFromProps": true,
          "getSnapshotBeforeUpdate": true,
          "setState": Object {
            "skipsComponentDidUpdateOnNullish": true,
          },
        },
      },
    },
    Symbol(enzyme.__providerValues__): undefined,
  },
  Symbol(enzyme.__providerValues__): Map {},
}
`;

exports[`TextField styles matches the snapshot 1`] = `
Object {
  "alignRight": Object {
    "textAlign": "right",
  },
  "assistiveText": Object {
    "color": "#aaaaaa",
  },
  "bottom": Object {
    "height": 20,
    "marginTop": 4,
  },
  "clear": Object {
    "background": "none",
    "border": 0,
    "cursor": "pointer",
    "height": 24,
    "margin": 0,
    "outline": 0,
    "padding": 0,
    "position": "absolute",
    "right": 12,
    "top": 8,
    "width": 24,
    "zIndex": 1,
  },
  "container": Object {
    "marginBottom": 8,
    "position": "relative",
  },
  "counter": Object {
    "color": "#aaaaaa",
  },
  "default": Object {},
  "disabled": Object {
    "& $input": Object {
      "borderColor": "#dddddd",
      "color": "#dddddd",
      "paddingTop": 9,
    },
    "& $label": Object {
      "color": "#dddddd",
    },
    "& $passIcon": Object {
      "cursor": "auto",
    },
  },
  "error": Object {
    "& $input": Object {
      "background": "rgba(219, 55, 55, 0.04)",
      "borderColor": "#db3737",
      "color": "#db3737",
    },
  },
  "errorAssistiveText": Object {
    "color": "#db3737",
  },
  "errorIcon": Object {
    "marginBottom": -2,
  },
  "focus": Object {
    "& $input": Object {
      "borderColor": "#083cae",
    },
  },
  "hasClear": Object {
    "paddingRight": 42,
  },
  "hasIcon": Object {
    "paddingLeft": 42,
  },
  "hasPass": Object {
    "paddingRight": 42,
  },
  "icon": Object {
    "left": 12,
    "position": "absolute",
    "top": 8,
  },
  "input": Object {
    "&::placeholder": Object {
      "color": "#aaaaaa",
    },
    "-webkit-appearance": "none",
    "alignItems": "center",
    "appearance": "none",
    "background": "#ffffff",
    "border": "1px solid #dddddd",
    "borderRadius": 4,
    "boxShadow": "none",
    "boxSizing": "border-box",
    "caretColor": "#083cae",
    "color": "#222222",
    "display": "flex",
    "fontFamily": "'Open Sans', sans-serif",
    "fontSize": 14,
    "fontWeight": "normal",
    "height": 40,
    "lineHeight": "24px",
    "outline": "none",
    "padding": "8px 16px",
    "transition": "0.3s all",
    "width": "100%",
  },
  "inputWrap": Object {
    "boxSizing": "border-box",
    "position": "relative",
  },
  "label": Object {
    "& a": Object {
      "color": "#1476fb",
      "outline": "none",
      "textDecoration": "none",
    },
    "color": "#222222",
    "fontFamily": "'Open Sans', sans-serif",
    "fontSize": 12,
    "lineHeight": "20px",
    "transition": "0.3s all",
  },
  "left": Object {
    "float": "left",
  },
  "passIcon": Object {
    "background": "none",
    "border": 0,
    "cursor": "pointer",
    "height": 24,
    "margin": 0,
    "outline": 0,
    "padding": 3,
    "position": "absolute",
    "right": 12,
    "top": 8,
    "width": 24,
    "zIndex": 1,
  },
  "right": Object {
    "float": "right",
  },
  "select": Object {
    "& optgroup": Object {
      "color": "#777777",
      "fontSize": 12,
      "fontWeight": "normal",
      "lineHeight": "40px",
    },
    "& option": Object {
      "&:disabled": Object {
        "color": "#aaaaaa",
      },
      "color": "#222222",
      "fontSize": 14,
      "lineHeight": "40px",
    },
    "&::-ms-expand": Object {
      "display": "none",
    },
    "&:invalid, & option[value=\\"\\"]": Object {
      "color": "#aaaaaa",
    },
    "paddingRight": 32,
  },
  "selectIcon": Object {
    "background": "none",
    "border": 0,
    "height": 24,
    "margin": 0,
    "outline": 0,
    "padding": "3px 0",
    "pointerEvents": "none",
    "position": "absolute",
    "right": 12,
    "top": 8,
    "width": 18,
    "zIndex": 1,
  },
  "textarea": Object {
    "alignItems": "flex-start",
    "height": 120,
    "resize": "none",
  },
  "top": Object {
    "&:after": Object {
      "clear": "both",
      "content": "\\"\\"",
    },
    "height": 24,
  },
}
`;

exports[`TextFieldJSS matches the snapshot 1`] = `
ShallowWrapper {
  Symbol(enzyme.__root__): [Circular],
  Symbol(enzyme.__unrendered__): <UNDEFINED />,
  Symbol(enzyme.__renderer__): Object {
    "batchedUpdates": [Function],
    "getNode": [Function],
    "render": [Function],
    "simulateError": [Function],
    "simulateEvent": [Function],
    "unmount": [Function],
  },
  Symbol(enzyme.__node__): Object {
    "instance": null,
    "key": undefined,
    "nodeType": "function",
    "props": Object {
      "children": [Function],
    },
    "ref": null,
    "rendered": [Function],
    "type": Object {
      "$$typeof": Symbol(react.context),
      "_calculateChangedBits": null,
      "_context": Object {
        "$$typeof": Symbol(react.context),
        "Consumer": [Circular],
        "Provider": Object {
          "$$typeof": Symbol(react.provider),
          "_context": [Circular],
        },
        "_calculateChangedBits": null,
        "_currentRenderer": null,
        "_currentRenderer2": null,
        "_currentValue": Object {
          "classNamePrefix": "",
          "disableStylesGeneration": false,
        },
        "_currentValue2": Object {
          "classNamePrefix": "",
          "disableStylesGeneration": false,
        },
        "_threadCount": 0,
      },
    },
  },
  Symbol(enzyme.__nodes__): Array [
    Object {
      "instance": null,
      "key": undefined,
      "nodeType": "function",
      "props": Object {
        "children": [Function],
      },
      "ref": null,
      "rendered": [Function],
      "type": Object {
        "$$typeof": Symbol(react.context),
        "_calculateChangedBits": null,
        "_context": Object {
          "$$typeof": Symbol(react.context),
          "Consumer": [Circular],
          "Provider": Object {
            "$$typeof": Symbol(react.provider),
            "_context": [Circular],
          },
          "_calculateChangedBits": null,
          "_currentRenderer": null,
          "_currentRenderer2": null,
          "_currentValue": Object {
            "classNamePrefix": "",
            "disableStylesGeneration": false,
          },
          "_currentValue2": Object {
            "classNamePrefix": "",
            "disableStylesGeneration": false,
          },
          "_threadCount": 0,
        },
      },
    },
  ],
  Symbol(enzyme.__options__): Object {
    "adapter": ReactSixteenAdapter {
      "options": Object {
        "enableComponentDidUpdateOnSetState": true,
        "lifecycles": Object {
          "componentDidUpdate": Object {
            "onSetState": true,
          },
          "getDerivedStateFromProps": true,
          "getSnapshotBeforeUpdate": true,
          "setState": Object {
            "skipsComponentDidUpdateOnNullish": true,
          },
        },
      },
    },
    Symbol(enzyme.__providerValues__): undefined,
  },
  Symbol(enzyme.__providerValues__): Map {},
}
`;
