// Jest Snapshot v1, https://goo.gl/fbAQLP

exports[`TextField matches the snapshot 1`] = `ShallowWrapper {}`;

exports[`TextField styles matches the snapshot 1`] = `
Object {
  "alignRight": Object {
    "textAlign": "right",
  },
  "assistiveError": Object {
    "color": "#8b1313",
  },
  "assistiveText": Object {
    "color": "#5A5D7B",
    "font": "400 14px/1.5 'OccText', sans-serif",
  },
  "assistiveTextWrap": Object {
    "display": "flex",
  },
  "bottom": Object {
    "display": "flex",
    "justifyContent": "space-between",
    "marginTop": "8px",
  },
  "container": Object {
    "position": "relative",
  },
  "counter": Object {
    "color": "#5A5D7B",
    "font": "400 14px/1.5 'OccText', sans-serif",
  },
  "default": Object {},
  "disabled": Object {
    "& $input": Object {
      "background": "#EDEDF1",
      "color": "#878A9F",
    },
  },
  "error": Object {
    "& $input": Object {
      "boxShadow": "inset 0 0 0 1px #e82020",
    },
  },
  "focus": Object {
    "& $input": Object {
      "boxShadow": "inset 0 0 0 2px #0059CD, 0 0 0 8px rgba(0,110,255,0.3) !important",
    },
  },
  "hasClear": Object {
    "paddingRight": "48px",
  },
  "hasIcon": Object {
    "paddingLeft": "48px",
  },
  "hasPass": Object {
    "paddingRight": "48px",
  },
  "hasRightIcon": Object {
    "marginRight": "48px",
  },
  "icon": Object {
    "left": "16px",
    "position": "absolute",
    "top": "50%",
    "transform": "translateY(-50%)",
  },
  "input": Object {
    "&::-webkit-inner-spin-button": Object {
      "-webkit-appearance": "none",
      "margin": 0,
    },
    "&::-webkit-outer-spin-button": Object {
      "-webkit-appearance": "none",
      "margin": 0,
    },
    "&::placeholder": Object {
      "color": "#5A5D7B",
    },
    "&:hover": Object {
      "boxShadow": "inset 0 0 0 1px #6C6F89",
    },
    "&[type=number]": Object {
      "-moz-appearance": "textfield",
    },
    "-webkit-appearance": "none",
    "alignItems": "center",
    "appearance": "none",
    "background": "#fff",
    "border": "none",
    "borderRadius": "4px",
    "boxShadow": "inset 0 0 0 1px #D3D4DC",
    "boxSizing": "border-box",
    "caretColor": "#083CAE",
    "color": "#080D39",
    "display": "flex",
    "font": "400 16px/1.5 'OccText', sans-serif",
    "height": 48,
    "outline": "none",
    "padding": Array [
      "4px",
      "16px",
    ],
    "transition": "all cubic-bezier(0.25,0.46,0.45,0.94) 0.2s",
    "width": "100%",
  },
  "inputDisabled": Object {
    "overflow": "hidden",
    "whiteSpace": "nowrap",
  },
  "inputWrap": Object {
    "boxSizing": "border-box",
    "position": "relative",
  },
  "label": Object {
    "color": "#080D39",
    "font": "400 14px/1.5 'OccText', sans-serif",
  },
  "pointer": Object {
    "cursor": "pointer",
  },
  "rightButton": Object {
    "position": "absolute",
    "right": "4px",
    "top": "50%",
    "transform": "translateY(-50%)",
    "zIndex": 1,
  },
  "select": Object {
    "& optgroup": Object {
      "color": "#5A5D7B",
      "font": "400 14px/1.5 'OccText', sans-serif",
    },
    "& option": Object {
      "&:disabled": Object {
        "color": "#878A9F",
      },
      "color": "#080D39",
      "font": "400 16px/1.5 'OccText', sans-serif",
    },
    "&::-ms-expand": Object {
      "display": "none",
    },
    "&:invalid, & option[value=\\"\\"]": Object {
      "color": "#878A9F",
    },
    "paddingRight": "48px",
  },
  "selectIcon": Object {
    "pointerEvents": "none",
    "position": "absolute",
    "right": "16px",
    "top": "50%",
    "transform": "translateY(-50%)",
  },
  "textarea": Object {
    "alignItems": "flex-start",
    "height": 120,
    "paddingg": Array [
      "12px",
      "16px",
    ],
    "resize": "none",
  },
  "top": Object {
    "&:after": Object {
      "clear": "both",
      "content": "\\"\\"",
    },
    "display": "flex",
    "marginBottom": "8px",
  },
}
`;

exports[`TextFieldJSS matches the snapshot 1`] = `ShallowWrapper {}`;
