// Jest Snapshot v1, https://goo.gl/fbAQLP

exports[`TextField matches the snapshot 1`] = `ShallowWrapper {}`;

exports[`TextField styles matches the snapshot 1`] = `
Object {
  "alignRight": Object {
    "textAlign": "right",
  },
  "assistiveText": Object {
    "color": "#aaaaaa",
    "fontSize": 12,
    "fontWeight": 300,
  },
  "bottom": Object {
    "height": 20,
    "marginTop": 4,
  },
  "clear": Object {
    "background": "none",
    "border": 0,
    "cursor": "pointer",
    "height": 24,
    "margin": 0,
    "outline": 0,
    "padding": 3,
    "position": "absolute",
    "right": 12,
    "top": "50%",
    "transform": "translateY(-50%)",
    "width": 24,
    "zIndex": 1,
  },
  "container": Object {
    "marginBottom": 8,
    "position": "relative",
  },
  "counter": Object {
    "color": "#aaaaaa",
  },
  "default": Object {},
  "disabled": Object {
    "& $input": Object {
      "borderColor": "#dddddd",
      "color": "#dddddd",
      "paddingTop": 9,
    },
    "& $label": Object {
      "color": "#dddddd",
    },
    "& $passIcon": Object {
      "cursor": "auto",
    },
  },
  "error": Object {
    "& $input": Object {
      "background": "rgba(219, 55, 55, 0.04)",
      "borderColor": "#db3737",
      "color": "#db3737",
    },
    "& $searchField": Object {
      "borderWidth": 2,
      "color": "#222222",
      "paddingLeft": 7,
    },
    "& $searchFieldHasIcon": Object {
      "paddingLeft": 41,
    },
  },
  "errorAssistiveText": Object {
    "color": "#db3737",
  },
  "errorIcon": Object {
    "marginBottom": -2,
  },
  "filled": Object {
    "& $input": Object {
      "borderColor": "#222222",
      "borderWidth": 2,
      "paddingLeft": 7,
    },
    "& $searchFieldHasIcon": Object {
      "paddingLeft": 41,
    },
  },
  "focus": Object {
    "& $input": Object {
      "borderColor": "#083cae",
    },
    "& $searchField": Object {
      "borderWidth": 2,
      "paddingLeft": 7,
    },
    "& $searchFieldHasIcon": Object {
      "paddingLeft": 41,
    },
  },
  "hasClear": Object {
    "paddingRight": 42,
  },
  "hasIcon": Object {
    "paddingLeft": 42,
  },
  "hasPass": Object {
    "paddingRight": 42,
  },
  "hasRightIcon": Object {
    "marginRight": 16,
  },
  "icon": Object {
    "left": 16,
    "position": "absolute",
    "top": "50%",
    "transform": "translateY(-50%)",
  },
  "input": Object {
    "&::-webkit-inner-spin-button": Object {
      "-webkit-appearance": "none",
      "margin": 0,
    },
    "&::-webkit-outer-spin-button": Object {
      "-webkit-appearance": "none",
      "margin": 0,
    },
    "&::placeholder": Object {
      "color": "#aaaaaa",
    },
    "&[type=number]": Object {
      "-moz-appearance": "textfield",
    },
    "-webkit-appearance": "none",
    "alignItems": "center",
    "appearance": "none",
    "background": "#ffffff",
    "border": "1px solid #dddddd",
    "borderRadius": 4,
    "boxShadow": "none",
    "boxSizing": "border-box",
    "caretColor": "#083cae",
    "color": "#222222",
    "display": "flex",
    "fontFamily": "'OccText', sans-serif",
    "fontSize": 16,
    "fontWeight": 300,
    "height": 40,
    "lineHeight": 1.5,
    "outline": "none",
    "padding": Array [
      8,
      16,
    ],
    "transition": "0.3s all",
    "width": "100%",
  },
  "inputDisabled": Object {
    "overflow": "hidden",
    "whiteSpace": "nowrap",
  },
  "inputWrap": Object {
    "boxSizing": "border-box",
    "position": "relative",
  },
  "label": Object {
    "& a": Object {
      "color": "#1476fb",
      "outline": "none",
      "textDecoration": "none",
    },
    "color": "#222222",
    "fontFamily": "'OccText', sans-serif",
    "fontSize": 14,
    "lineHeight": 1.5,
    "transition": "0.3s all",
  },
  "left": Object {
    "float": "left",
  },
  "passIcon": Object {
    "background": "none",
    "border": 0,
    "cursor": "pointer",
    "height": 24,
    "margin": 0,
    "outline": 0,
    "padding": 3,
    "position": "absolute",
    "right": 12,
    "top": 8,
    "width": 24,
    "zIndex": 1,
  },
  "right": Object {
    "float": "right",
  },
  "searchField": Object {
    "background": Array [
      "#ffffff",
      "!important",
    ],
    "borderColor": "#777777",
    "borderRadius": 24,
    "height": 48,
  },
  "searchFieldHasIcon": Object {},
  "select": Object {
    "& optgroup": Object {
      "color": "#777777",
      "fontSize": 14,
      "fontWeight": "normal",
      "lineHeight": 1.5,
    },
    "& option": Object {
      "&:disabled": Object {
        "color": "#aaaaaa",
      },
      "color": "#222222",
      "fontSize": 16,
      "lineHeight": 1.5,
    },
    "&::-ms-expand": Object {
      "display": "none",
    },
    "&:invalid, & option[value=\\"\\"]": Object {
      "color": "#aaaaaa",
    },
    "paddingRight": 32,
  },
  "selectIcon": Object {
    "background": "none",
    "border": 0,
    "height": 24,
    "margin": 0,
    "outline": 0,
    "padding": "3px 0",
    "pointerEvents": "none",
    "position": "absolute",
    "right": 12,
    "top": 8,
    "width": 18,
    "zIndex": 1,
  },
  "textarea": Object {
    "alignItems": "flex-start",
    "height": 120,
    "resize": "none",
  },
  "top": Object {
    "&:after": Object {
      "clear": "both",
      "content": "\\"\\"",
    },
    "height": 24,
  },
}
`;

exports[`TextFieldJSS matches the snapshot 1`] = `ShallowWrapper {}`;
