// Jest Snapshot v1, https://goo.gl/fbAQLP

exports[`FAB matches the snapshot 1`] = `
<button
  className="Button-btn-0-1-1 Button-tertiary-0-1-6 fab Button-iconOnly-0-1-18 Button-round-0-1-20"
  disabled={false}
>
  <span
    className="Button-cont-0-1-2"
  >
    <span
      className="Icon-oldIcon-0-1-24 Icon-oldIcon-0-1-26 Button-icon-0-1-16"
    />
    
  </span>
</button>
`;
