// Jest Snapshot v1, https://goo.gl/fbAQLP

exports[`Placeholder matches the snapshot 1`] = `ShallowWrapper {}`;

exports[`Placeholder styles matches the snapshot 1`] = `
Object {
  "@keyframes progress": Object {
    "0%": Object {
      "transform": "translate3d(-100%, 0, 0)",
    },
    "100%": Object {
      "transform": "translate3d(100%, 0, 0)",
    },
  },
  "bodyLarge": Object {
    "height": 18,
    "margin": "4.5px 0",
  },
  "bodyLargeStrong": Object {
    "height": 18,
    "margin": "4.5px 0",
  },
  "bodyRegular": Object {
    "height": 16,
    "margin": "4px 0",
  },
  "bodyRegularStrong": Object {
    "height": 16,
    "margin": "4px 0",
  },
  "bodySmall": Object {
    "height": 14,
    "margin": "3.5px 0",
  },
  "bodySmallStrong": Object {
    "height": 14,
    "margin": "3.5px 0",
  },
  "bodyXLarge": Object {
    "height": 20,
    "margin": "5px 0",
  },
  "bodyXSmall": Object {
    "height": 12,
    "margin": "3px 0",
  },
  "bottombase": Object {
    "marginBottom": 24,
  },
  "bottomlarge": Object {
    "marginBottom": 48,
  },
  "bottommedium": Object {
    "marginBottom": 32,
  },
  "bottomsmall": Object {
    "marginBottom": 16,
  },
  "bottomtiny": Object {
    "marginBottom": 8,
  },
  "bottomxLarge": Object {
    "marginBottom": 64,
  },
  "bottomxTiny": Object {
    "marginBottom": 4,
  },
  "dark": Object {
    "&:after": Object {
      "background": "linear-gradient(90deg, rgba(255,255,255,0), rgba(255,255,255,0.1) , rgba(255,255,255,0) )",
    },
    "background": "rgba(255,255,255,0.1)",
    "overflow": "hidden",
  },
  "display": Object {
    "@media screen and (min-width:768px)": Object {
      "height": 72,
      "margin": "3.6px 0",
    },
    "height": 48,
    "margin": "2.4px 0",
  },
  "h1": Object {
    "@media screen and (min-width:768px)": Object {
      "height": 48,
      "margin": "2.4px 0",
    },
    "height": 32,
    "margin": "1.6px 0",
  },
  "h2": Object {
    "@media screen and (min-width:768px)": Object {
      "height": 40,
      "margin": "2px 0",
    },
    "height": 28,
    "margin": "1.4px 0",
  },
  "h3": Object {
    "@media screen and (min-width:768px)": Object {
      "height": 30.8,
      "margin": "1.4px 0",
    },
    "height": 24,
    "margin": "1.2px 0",
  },
  "h4": Object {
    "@media screen and (min-width:768px)": Object {
      "height": 24,
      "padding": "1.2px 0",
    },
    "height": 20,
    "margin": "1px 0",
  },
  "h5": Object {
    "height": 18,
    "margin": "0.9px 0",
  },
  "light": Object {
    "&:after": Object {
      "background": "linear-gradient(90deg, rgba(0,0,0,0.0) , rgba(0,0,0,0.05) , rgba(0,0,0,0.0) )",
    },
    "background": "rgba(0,0,0,0.05)",
    "overflow": "hidden",
  },
  "placeholder": Object {
    "&:after": Object {
      "animation": "progress 2s ease-in-out infinite",
      "content": "\\"\\"",
      "height": "100%",
      "left": 0,
      "position": "absolute",
      "top": 0,
      "width": "100%",
    },
    "borderRadius": 4,
    "height": [Function],
    "overflow": "hidden",
    "position": "relative",
    "width": [Function],
  },
  "round": Object {
    "borderRadius": "50%",
  },
  "tag": Object {
    "height": 10,
    "margin": "2.5px 0",
  },
  "topbase": Object {
    "marginTop": 24,
  },
  "toplarge": Object {
    "marginTop": 48,
  },
  "topmedium": Object {
    "marginTop": 32,
  },
  "topsmall": Object {
    "marginTop": 16,
  },
  "toptiny": Object {
    "marginTop": 8,
  },
  "topxLarge": Object {
    "marginTop": 64,
  },
  "topxTiny": Object {
    "marginTop": 4,
  },
}
`;

exports[`PlaceholderJSS matches the snapshot 1`] = `ShallowWrapper {}`;
